******************************************************************************
                  TI ARM Linker PC v16.9.6                     
******************************************************************************
>> Linked Tue Oct 29 12:19:10 2019

OUTPUT FILE NAME:   <inc.out>
ENTRY POINT SYMBOL: "_c_int00"  address: 00002035


MEMORY CONFIGURATION

         name            origin    length      used     unused   attr    fill
----------------------  --------  ---------  --------  --------  ----  --------
  MAIN                  00000000   00040000  000021ba  0003de46  R  X
  INFO                  00200000   00004000  00000000  00004000  R  X
  SRAM_CODE             01000000   00010000  00000a75  0000f58b  RW X
  SRAM_DATA             20000000   00010000  00000a75  0000f58b  RW  


SEGMENT ALLOCATION MAP

run origin  load origin   length   init length attrs members
----------  ----------- ---------- ----------- ----- -------
00000000    00000000    000021c0   000021c0    r-x
  00000000    00000000    000000e4   000000e4    r-- .intvecs
  000000e4    000000e4    0000209e   0000209e    r-x .text
  00002188    00002188    00000038   00000038    r-- .cinit
20000000    20000000    00000878   00000000    rw-
  20000000    20000000    0000042d   00000000    rw- .bss
  20000430    20000430    00000400   00000000    rw- .sysmem
  20000830    20000830    00000048   00000000    rw- .data
2000fe00    2000fe00    00000200   00000000    rw-
  2000fe00    2000fe00    00000200   00000000    rw- .stack


SECTION ALLOCATION MAP

 output                                  attributes/
section   page    origin      length       input sections
--------  ----  ----------  ----------   ----------------
.intvecs   0    00000000    000000e4     
                  00000000    000000e4     startup_msp432p401r_ccs.obj (.intvecs:retain)

.binit     0    00000000    00000000     

.text      0    000000e4    0000209e     
                  000000e4    00000630     TExaS.obj (.text)
                  00000714    000005ba     EUSCIA0.obj (.text)
                  00000cce    00000002     incmain.obj (.text)
                  00000cd0    0000032c     system_msp432p401r.obj (.text)
                  00000ffc    00000228     PWM.obj (.text)
                  00001224    00000210     FIFO0.obj (.text)
                  00001434    000001e0     Clock.obj (.text)
                  00001614    000001a4     UART1.obj (.text)
                  000017b8    00000188     Motor.obj (.text)
                  00001940    00000144     BumpInt.obj (.text)
                  00001a84    00000128     TA3InputCapture.obj (.text)
                  00001bac    000000ac     TimerA0.obj (.text)
                  00001c58    000000a8     TimerA1.obj (.text)
                  00001d00    000000a8     TimerA2.obj (.text)
                  00001da8    0000009c     Bump.obj (.text)
                  00001e44    0000009c     rtsv7M4_T_le_v4SPD16_eabi.lib : memcpy_t2.obj (.text)
                  00001ee0    0000007a                                   : memset_t2.obj (.text)
                  00001f5a    00000002                                   : mpu_init.obj (.text)
                  00001f5c    00000070                                   : autoinit.obj (.text)
                  00001fcc    00000068                                   : copy_decompress_lzss.obj (.text:decompress:lzss)
                  00002034    00000054                                   : boot.obj (.text)
                  00002088    00000054                                   : exit.obj (.text)
                  000020dc    0000004c                                   : cpy_tbl.obj (.text)
                  00002128    00000018                                   : args_main.obj (.text)
                  00002140    00000014                                   : _lock.obj (.text)
                  00002154    0000000e                                   : copy_decompress_none.obj (.text:decompress:none)
                  00002162    0000000e     startup_msp432p401r_ccs.obj (.text)
                  00002170    0000000c     rtsv7M4_T_le_v4SPD16_eabi.lib : copy_zero_init.obj (.text:decompress:ZI)
                  0000217c    00000004                                   : pre_init.obj (.text)
                  00002180    00000002                                   : startup.obj (.text)

.cinit     0    00002188    00000038     
                  00002188    00000014     (.cinit..data.load) [load image, compression = lzss]
                  0000219c    0000000c     (__TI_handler_table)
                  000021a8    00000008     (.cinit..bss.load) [load image, compression = zero_init]
                  000021b0    00000010     (__TI_cinit_table)

.init_array 
*          0    00000000    00000000     UNINITIALIZED

.bss       0    20000000    0000042d     UNINITIALIZED
                  20000000    00000200     (.common:TxHistogram)
                  20000200    00000100     (.common:RxFIFO)
                  20000300    00000082     (.common:RxFifo0)
                  20000382    00000082     (.common:TxFifo0)
                  20000404    00000008     (.common:Messagec)
                  2000040c    00000004     (.common:Messageindexc)
                  20000410    00000004     (.common:PeriodicTask2)
                  20000414    00000004     (.common:RxFifoLost)
                  20000418    00000004     (.common:RxGetI)
                  2000041c    00000004     (.common:RxPutI)
                  20000420    00000004     (.common:TimerA0Task)
                  20000424    00000004     (.common:TimerA1Task)
                  20000428    00000004     (.common:TimerA2Task)
                  2000042c    00000001     (.common:LogicData)

.sysmem    0    20000430    00000400     UNINITIALIZED
                  20000430    00000008     rtsv7M4_T_le_v4SPD16_eabi.lib : memory.obj (.sysmem)
                  20000438    000003f8     --HOLE--

.data      0    20000830    00000048     UNINITIALIZED
                  20000830    00000018     Clock.obj (.data)
                  20000848    0000000c     rtsv7M4_T_le_v4SPD16_eabi.lib : exit.obj (.data:$O1$$)
                  20000854    0000000c     TExaS.obj (.data)
                  20000860    00000008     rtsv7M4_T_le_v4SPD16_eabi.lib : _lock.obj (.data:$O1$$)
                  20000868    00000008     TA3InputCapture.obj (.data)
                  20000870    00000004     rtsv7M4_T_le_v4SPD16_eabi.lib : stkdepth_vars.obj (.data)
                  20000874    00000004     system_msp432p401r.obj (.data)

.stack     0    2000fe00    00000200     UNINITIALIZED
                  2000fe00    00000200     --HOLE--

MODULE SUMMARY

       Module                        code   ro data   rw data
       ------                        ----   -------   -------
    .\
       FIFO0.obj                     528    0         1544   
       TExaS.obj                     1584   0         34     
       EUSCIA0.obj                   1466   0         24     
       UART1.obj                     420    0         536    
       system_msp432p401r.obj        812    0         8      
       PWM.obj                       552    0         0      
       Clock.obj                     480    0         48     
       Motor.obj                     392    0         0      
       BumpInt.obj                   324    0         0      
       TA3InputCapture.obj           296    0         16     
       startup_msp432p401r_ccs.obj   14     228       0      
       TimerA0.obj                   172    0         8      
       TimerA1.obj                   168    0         8      
       TimerA2.obj                   168    0         8      
       Bump.obj                      156    0         0      
       incmain.obj                   2      0         0      
    +--+-----------------------------+------+---------+---------+
       Total:                        7534   228       2234   
                                                             
    C:\ti\ccsv7\tools\compiler\ti-cgt-arm_16.9.6.LTS\lib\rtsv7M4_T_le_v4SPD16_eabi.lib
       memcpy_t2.obj                 156    0         0      
       memset_t2.obj                 122    0         0      
       autoinit.obj                  112    0         0      
       exit.obj                      84     0         24     
       copy_decompress_lzss.obj      104    0         0      
       boot.obj                      84     0         0      
       cpy_tbl.obj                   76     0         0      
       _lock.obj                     20     0         16     
       args_main.obj                 24     0         0      
       copy_decompress_none.obj      14     0         0      
       copy_zero_init.obj            12     0         0      
       stkdepth_vars.obj             0      0         8      
       pre_init.obj                  4      0         0      
       mpu_init.obj                  2      0         0      
       startup.obj                   2      0         0      
    +--+-----------------------------+------+---------+---------+
       Total:                        816    0         48     
                                                             
       Heap:                         0      0         2048   
       Stack:                        0      0         1024   
       Linker Generated:             0      56        0      
    +--+-----------------------------+------+---------+---------+
       Grand Total:                  8350   284       5354   


LINKER GENERATED COPY TABLES

__TI_cinit_table @ 000021b0 records: 2, size/record: 8, table size: 16
	.data: load addr=00002188, load size=00000014 bytes, run addr=20000830, run size=00000048 bytes, compression=lzss
	.bss: load addr=000021a8, load size=00000008 bytes, run addr=20000000, run size=0000042d bytes, compression=zero_init


LINKER GENERATED HANDLER TABLE

__TI_handler_table @ 0000219c records: 3, size/record: 4, table size: 12
	index: 0, handler: __TI_decompress_lzss
	index: 1, handler: __TI_decompress_none
	index: 2, handler: __TI_zero_init


GLOBAL SYMBOLS: SORTED ALPHABETICALLY BY Name 

address   name                           
-------   ----                           
0000216f  ADC14_IRQHandler               
00000475  ADC_Init                       
0000216f  AES256_IRQHandler              
00001941  BumpInt_Init                   
00001da9  Bump_Init                      
00001ddd  Bump_Read                      
0000216f  BusFault_Handler               
00002089  C$$EXIT                        
0000216f  COMP_E0_IRQHandler             
0000216f  COMP_E1_IRQHandler             
20000838  CPMwait                        
0000216f  CS_IRQHandler                  
20000868  CaptureTask0                   
2000086c  CaptureTask2                   
20000830  ClockFrequency                 
00001589  Clock_Delay1ms                 
0000155f  Clock_Delay1us                 
0000154b  Clock_GetFreq                  
00001435  Clock_Init48MHz                
20000844  Crystalstable                  
0000216f  DMA_ERR_IRQHandler             
0000216f  DMA_INT0_IRQHandler            
0000216f  DMA_INT1_IRQHandler            
0000216f  DMA_INT2_IRQHandler            
0000216f  DMA_INT3_IRQHandler            
0000216f  DebugMon_Handler               
0000216f  Default_Handler                
000007a7  EUSCIA0_IRQHandler             
000007a7  EUSCIA0_IRQHandler             
0000077b  EUSCIA0_InChar                 
00000c45  EUSCIA0_InString               
000007fb  EUSCIA0_InUDec                 
00000af9  EUSCIA0_InUHex                 
00000715  EUSCIA0_Init                   
0000078d  EUSCIA0_OutChar                
000007dd  EUSCIA0_OutString              
0000087f  EUSCIA0_OutUDec                
00000a11  EUSCIA0_OutUDec4               
00000a49  EUSCIA0_OutUDec5               
00000a85  EUSCIA0_OutUFix1               
00000aad  EUSCIA0_OutUFix2               
00000bc1  EUSCIA0_OutUHex                
00000c27  EUSCIA0_OutUHex2               
00000c05  EUSCIA0outnibble               
0000216f  EUSCIA1_IRQHandler             
0000173d  EUSCIA2_IRQHandler             
0000173d  EUSCIA2_IRQHandler             
0000216f  EUSCIA3_IRQHandler             
0000216f  EUSCIB0_IRQHandler             
0000216f  EUSCIB1_IRQHandler             
0000216f  EUSCIB2_IRQHandler             
0000216f  EUSCIB3_IRQHandler             
0000216f  FLCTL_IRQHandler               
0000216f  FPU_IRQHandler                 
UNDEFED   HandleCollision                
0000216f  HardFault_Handler              
20000840  IFlags                         
000000e5  LogicAnalyzer                  
000000ef  LogicAnalyzer_P1               
000001c5  LogicAnalyzer_P10              
000000fd  LogicAnalyzer_P2               
0000010b  LogicAnalyzer_P2_7654          
0000011b  LogicAnalyzer_P3               
00000129  LogicAnalyzer_P4               
00000147  LogicAnalyzer_P4_765320        
00000137  LogicAnalyzer_P4_765432        
0000017f  LogicAnalyzer_P5               
0000018d  LogicAnalyzer_P6               
0000019b  LogicAnalyzer_P7               
000001a9  LogicAnalyzer_P8               
000001b7  LogicAnalyzer_P9               
2000042c  LogicData                      
0000216f  MemManage_Handler              
20000404  Messagec                       
2000040c  Messageindexc                  
000018f1  Motor_Backward                 
0000184d  Motor_Forward                  
000017b9  Motor_Init                     
000018b7  Motor_Left                     
0000187d  Motor_Right                    
00001829  Motor_Stop                     
0000216f  NMI_Handler                    
0000216f  PCM_IRQHandler                 
0000216f  PORT1_IRQHandler               
0000216f  PORT2_IRQHandler               
0000216f  PORT3_IRQHandler               
00001a01  PORT4_IRQHandler               
00001a01  PORT4_IRQHandler               
0000216f  PORT5_IRQHandler               
0000216f  PORT6_IRQHandler               
0000216f  PSS_IRQHandler                 
000010e7  PWM_Duty1                      
00001107  PWM_Duty2                      
000011ab  PWM_Duty3                      
000011cb  PWM_Duty4                      
00000ffd  PWM_Init1                      
00001063  PWM_Init12                     
00001127  PWM_Init34                     
0000216f  PendSV_Handler                 
20000410  PeriodicTask2                  
00000257  PeriodicTask2_Init             
000002d1  PeriodicTask2_Stop             
2000083c  Postwait                       
20000834  Prewait                        
0000216f  RTC_C_IRQHandler               
00002163  Reset_Handler                  
20000200  RxFIFO                         
20000300  RxFifo0                        
0000139f  RxFifo0_Get                    
00001345  RxFifo0_Init                   
00001351  RxFifo0_Put                    
000013dd  RxFifo0_Size                   
20000414  RxFifoLost                     
0000166d  RxFifo_Get                     
00001615  RxFifo_Init                    
00001627  RxFifo_Put                     
20000418  RxGetI                         
2000041c  RxPutI                         
UNDEFED   SHT$$INIT_ARRAY$$Base          
UNDEFED   SHT$$INIT_ARRAY$$Limit         
0000216f  SVC_Handler                    
000001d3  Scope                          
0000216f  SysTick_Handler                
20000874  SystemCoreClock                
00000cd1  SystemCoreClockUpdate          
00000f45  SystemInit                     
000002c1  T32_INT1_IRQHandler            
000002c1  T32_INT1_IRQHandler            
0000216f  T32_INT2_IRQHandler            
0000216f  T32_INTC_IRQHandler            
00001c27  TA0_0_IRQHandler               
00001c27  TA0_0_IRQHandler               
0000216f  TA0_N_IRQHandler               
00001ccb  TA1_0_IRQHandler               
00001ccb  TA1_0_IRQHandler               
0000216f  TA1_N_IRQHandler               
00001d73  TA2_0_IRQHandler               
00001d73  TA2_0_IRQHandler               
0000216f  TA2_N_IRQHandler               
00001b33  TA3_0_IRQHandler               
00001b33  TA3_0_IRQHandler               
00001b4d  TA3_N_IRQHandler               
00001b4d  TA3_N_IRQHandler               
00000413  TExaS_Clear0                   
0000041f  TExaS_Clear1                   
0000042b  TExaS_Clear2                   
00000437  TExaS_Clear3                   
00000443  TExaS_Clear4                   
00000445  TExaS_Clear5                   
00000451  TExaS_Clear6                   
00000551  TExaS_Init                     
20000858  TExaS_ScopeErrConflict         
20000854  TExaS_ScopeErrLostData         
2000085c  TExaS_ScopeWrnReconfig         
000003b1  TExaS_Set                      
000003c9  TExaS_Set0                     
000003d5  TExaS_Set1                     
000003e1  TExaS_Set2                     
000003ed  TExaS_Set3                     
000003f9  TExaS_Set4                     
000003fb  TExaS_Set5                     
00000407  TExaS_Set6                     
000006b1  TExaS_Stop                     
00000367  TExaS_Task0                    
00000373  TExaS_Task1                    
0000037f  TExaS_Task2                    
0000038b  TExaS_Task3                    
00000397  TExaS_Task4                    
00000399  TExaS_Task5                    
000003a5  TExaS_Task6                    
20000420  TimerA0Task                    
00001bad  TimerA0_Init                   
00001c11  TimerA0_Stop                   
20000424  TimerA1Task                    
00001c59  TimerA1_Init                   
00001cb7  TimerA1_Stop                   
20000428  TimerA2Task                    
00001d01  TimerA2_Init                   
00001d5f  TimerA2_Stop                   
00001a91  TimerA3Capture_Init            
20000382  TxFifo0                        
000012b1  TxFifo0_Get                    
00001225  TxFifo0_Init                   
00001257  TxFifo0_Put                    
000012ef  TxFifo0_Size                   
20000000  TxHistogram                    
00001771  UART1_FinishOutput             
0000170f  UART1_InChar                   
000016a3  UART1_InStatus                 
000016b3  UART1_Init                     
00001721  UART1_OutChar                  
00001753  UART1_OutString                
0000033b  UART_InChar                    
000002e1  UART_Init                      
0000034b  UART_OutChar                   
0000216f  UsageFault_Handler             
4000480c  WDTCTL_SYM                     
0000216f  WDT_A_IRQHandler               
20010000  __STACK_END                    
00000200  __STACK_SIZE                   
00000400  __SYSMEM_SIZE                  
000021b0  __TI_CINIT_Base                
000021c0  __TI_CINIT_Limit               
0000219c  __TI_Handler_Table_Base        
000021a8  __TI_Handler_Table_Limit       
00001f5d  __TI_auto_init                 
20000848  __TI_cleanup_ptr               
00001fcd  __TI_decompress_lzss           
00002155  __TI_decompress_none           
2000084c  __TI_dtors_ptr                 
20000850  __TI_enable_exit_profile_output
ffffffff  __TI_pprof_out_hndl            
ffffffff  __TI_prof_data_size            
ffffffff  __TI_prof_data_start           
00000000  __TI_static_base__             
00002171  __TI_zero_init                 
00001ee1  __aeabi_memclr                 
00001ee1  __aeabi_memclr4                
00001ee1  __aeabi_memclr8                
00001e45  __aeabi_memcpy                 
00001e45  __aeabi_memcpy4                
00001e45  __aeabi_memcpy8                
00001ee3  __aeabi_memset                 
00001ee3  __aeabi_memset4                
00001ee3  __aeabi_memset8                
ffffffff  __binit__                      
ffffffff  __c_args__                     
00001f5b  __mpu_init                     
2000fe00  __stack                        
00002129  _args_main                     
00002035  _c_int00                       
20000860  _lock                          
0000214f  _nop                           
00002147  _register_lock                 
00002141  _register_unlock               
20000430  _sys_memory                    
00002181  _system_post_cinit             
0000217d  _system_pre_init               
20000864  _unlock                        
0000208d  abort                          
ffffffff  binit                          
000020dd  copy_in                        
00001551  delay                          
00002095  exit                           
00000000  interruptVectors               
00000ccf  main                           
20000870  main_func_sp                   
00001e45  memcpy                         
00001ee9  memset                         
00001a85  ta3dummy                       


GLOBAL SYMBOLS: SORTED BY Symbol Address 

address   name                           
-------   ----                           
00000000  __TI_static_base__             
00000000  interruptVectors               
000000e5  LogicAnalyzer                  
000000ef  LogicAnalyzer_P1               
000000fd  LogicAnalyzer_P2               
0000010b  LogicAnalyzer_P2_7654          
0000011b  LogicAnalyzer_P3               
00000129  LogicAnalyzer_P4               
00000137  LogicAnalyzer_P4_765432        
00000147  LogicAnalyzer_P4_765320        
0000017f  LogicAnalyzer_P5               
0000018d  LogicAnalyzer_P6               
0000019b  LogicAnalyzer_P7               
000001a9  LogicAnalyzer_P8               
000001b7  LogicAnalyzer_P9               
000001c5  LogicAnalyzer_P10              
000001d3  Scope                          
00000200  __STACK_SIZE                   
00000257  PeriodicTask2_Init             
000002c1  T32_INT1_IRQHandler            
000002c1  T32_INT1_IRQHandler            
000002d1  PeriodicTask2_Stop             
000002e1  UART_Init                      
0000033b  UART_InChar                    
0000034b  UART_OutChar                   
00000367  TExaS_Task0                    
00000373  TExaS_Task1                    
0000037f  TExaS_Task2                    
0000038b  TExaS_Task3                    
00000397  TExaS_Task4                    
00000399  TExaS_Task5                    
000003a5  TExaS_Task6                    
000003b1  TExaS_Set                      
000003c9  TExaS_Set0                     
000003d5  TExaS_Set1                     
000003e1  TExaS_Set2                     
000003ed  TExaS_Set3                     
000003f9  TExaS_Set4                     
000003fb  TExaS_Set5                     
00000400  __SYSMEM_SIZE                  
00000407  TExaS_Set6                     
00000413  TExaS_Clear0                   
0000041f  TExaS_Clear1                   
0000042b  TExaS_Clear2                   
00000437  TExaS_Clear3                   
00000443  TExaS_Clear4                   
00000445  TExaS_Clear5                   
00000451  TExaS_Clear6                   
00000475  ADC_Init                       
00000551  TExaS_Init                     
000006b1  TExaS_Stop                     
00000715  EUSCIA0_Init                   
0000077b  EUSCIA0_InChar                 
0000078d  EUSCIA0_OutChar                
000007a7  EUSCIA0_IRQHandler             
000007a7  EUSCIA0_IRQHandler             
000007dd  EUSCIA0_OutString              
000007fb  EUSCIA0_InUDec                 
0000087f  EUSCIA0_OutUDec                
00000a11  EUSCIA0_OutUDec4               
00000a49  EUSCIA0_OutUDec5               
00000a85  EUSCIA0_OutUFix1               
00000aad  EUSCIA0_OutUFix2               
00000af9  EUSCIA0_InUHex                 
00000bc1  EUSCIA0_OutUHex                
00000c05  EUSCIA0outnibble               
00000c27  EUSCIA0_OutUHex2               
00000c45  EUSCIA0_InString               
00000ccf  main                           
00000cd1  SystemCoreClockUpdate          
00000f45  SystemInit                     
00000ffd  PWM_Init1                      
00001063  PWM_Init12                     
000010e7  PWM_Duty1                      
00001107  PWM_Duty2                      
00001127  PWM_Init34                     
000011ab  PWM_Duty3                      
000011cb  PWM_Duty4                      
00001225  TxFifo0_Init                   
00001257  TxFifo0_Put                    
000012b1  TxFifo0_Get                    
000012ef  TxFifo0_Size                   
00001345  RxFifo0_Init                   
00001351  RxFifo0_Put                    
0000139f  RxFifo0_Get                    
000013dd  RxFifo0_Size                   
00001435  Clock_Init48MHz                
0000154b  Clock_GetFreq                  
00001551  delay                          
0000155f  Clock_Delay1us                 
00001589  Clock_Delay1ms                 
00001615  RxFifo_Init                    
00001627  RxFifo_Put                     
0000166d  RxFifo_Get                     
000016a3  UART1_InStatus                 
000016b3  UART1_Init                     
0000170f  UART1_InChar                   
00001721  UART1_OutChar                  
0000173d  EUSCIA2_IRQHandler             
0000173d  EUSCIA2_IRQHandler             
00001753  UART1_OutString                
00001771  UART1_FinishOutput             
000017b9  Motor_Init                     
00001829  Motor_Stop                     
0000184d  Motor_Forward                  
0000187d  Motor_Right                    
000018b7  Motor_Left                     
000018f1  Motor_Backward                 
00001941  BumpInt_Init                   
00001a01  PORT4_IRQHandler               
00001a01  PORT4_IRQHandler               
00001a85  ta3dummy                       
00001a91  TimerA3Capture_Init            
00001b33  TA3_0_IRQHandler               
00001b33  TA3_0_IRQHandler               
00001b4d  TA3_N_IRQHandler               
00001b4d  TA3_N_IRQHandler               
00001bad  TimerA0_Init                   
00001c11  TimerA0_Stop                   
00001c27  TA0_0_IRQHandler               
00001c27  TA0_0_IRQHandler               
00001c59  TimerA1_Init                   
00001cb7  TimerA1_Stop                   
00001ccb  TA1_0_IRQHandler               
00001ccb  TA1_0_IRQHandler               
00001d01  TimerA2_Init                   
00001d5f  TimerA2_Stop                   
00001d73  TA2_0_IRQHandler               
00001d73  TA2_0_IRQHandler               
00001da9  Bump_Init                      
00001ddd  Bump_Read                      
00001e45  __aeabi_memcpy                 
00001e45  __aeabi_memcpy4                
00001e45  __aeabi_memcpy8                
00001e45  memcpy                         
00001ee1  __aeabi_memclr                 
00001ee1  __aeabi_memclr4                
00001ee1  __aeabi_memclr8                
00001ee3  __aeabi_memset                 
00001ee3  __aeabi_memset4                
00001ee3  __aeabi_memset8                
00001ee9  memset                         
00001f5b  __mpu_init                     
00001f5d  __TI_auto_init                 
00001fcd  __TI_decompress_lzss           
00002035  _c_int00                       
00002089  C$$EXIT                        
0000208d  abort                          
00002095  exit                           
000020dd  copy_in                        
00002129  _args_main                     
00002141  _register_unlock               
00002147  _register_lock                 
0000214f  _nop                           
00002155  __TI_decompress_none           
00002163  Reset_Handler                  
0000216f  ADC14_IRQHandler               
0000216f  AES256_IRQHandler              
0000216f  BusFault_Handler               
0000216f  COMP_E0_IRQHandler             
0000216f  COMP_E1_IRQHandler             
0000216f  CS_IRQHandler                  
0000216f  DMA_ERR_IRQHandler             
0000216f  DMA_INT0_IRQHandler            
0000216f  DMA_INT1_IRQHandler            
0000216f  DMA_INT2_IRQHandler            
0000216f  DMA_INT3_IRQHandler            
0000216f  DebugMon_Handler               
0000216f  Default_Handler                
0000216f  EUSCIA1_IRQHandler             
0000216f  EUSCIA3_IRQHandler             
0000216f  EUSCIB0_IRQHandler             
0000216f  EUSCIB1_IRQHandler             
0000216f  EUSCIB2_IRQHandler             
0000216f  EUSCIB3_IRQHandler             
0000216f  FLCTL_IRQHandler               
0000216f  FPU_IRQHandler                 
0000216f  HardFault_Handler              
0000216f  MemManage_Handler              
0000216f  NMI_Handler                    
0000216f  PCM_IRQHandler                 
0000216f  PORT1_IRQHandler               
0000216f  PORT2_IRQHandler               
0000216f  PORT3_IRQHandler               
0000216f  PORT5_IRQHandler               
0000216f  PORT6_IRQHandler               
0000216f  PSS_IRQHandler                 
0000216f  PendSV_Handler                 
0000216f  RTC_C_IRQHandler               
0000216f  SVC_Handler                    
0000216f  SysTick_Handler                
0000216f  T32_INT2_IRQHandler            
0000216f  T32_INTC_IRQHandler            
0000216f  TA0_N_IRQHandler               
0000216f  TA1_N_IRQHandler               
0000216f  TA2_N_IRQHandler               
0000216f  UsageFault_Handler             
0000216f  WDT_A_IRQHandler               
00002171  __TI_zero_init                 
0000217d  _system_pre_init               
00002181  _system_post_cinit             
0000219c  __TI_Handler_Table_Base        
000021a8  __TI_Handler_Table_Limit       
000021b0  __TI_CINIT_Base                
000021c0  __TI_CINIT_Limit               
20000000  TxHistogram                    
20000200  RxFIFO                         
20000300  RxFifo0                        
20000382  TxFifo0                        
20000404  Messagec                       
2000040c  Messageindexc                  
20000410  PeriodicTask2                  
20000414  RxFifoLost                     
20000418  RxGetI                         
2000041c  RxPutI                         
20000420  TimerA0Task                    
20000424  TimerA1Task                    
20000428  TimerA2Task                    
2000042c  LogicData                      
20000430  _sys_memory                    
20000830  ClockFrequency                 
20000834  Prewait                        
20000838  CPMwait                        
2000083c  Postwait                       
20000840  IFlags                         
20000844  Crystalstable                  
20000848  __TI_cleanup_ptr               
2000084c  __TI_dtors_ptr                 
20000850  __TI_enable_exit_profile_output
20000854  TExaS_ScopeErrLostData         
20000858  TExaS_ScopeErrConflict         
2000085c  TExaS_ScopeWrnReconfig         
20000860  _lock                          
20000864  _unlock                        
20000868  CaptureTask0                   
2000086c  CaptureTask2                   
20000870  main_func_sp                   
20000874  SystemCoreClock                
2000fe00  __stack                        
20010000  __STACK_END                    
4000480c  WDTCTL_SYM                     
ffffffff  __TI_pprof_out_hndl            
ffffffff  __TI_prof_data_size            
ffffffff  __TI_prof_data_start           
ffffffff  __binit__                      
ffffffff  __c_args__                     
ffffffff  binit                          
UNDEFED   HandleCollision                
UNDEFED   SHT$$INIT_ARRAY$$Base          
UNDEFED   SHT$$INIT_ARRAY$$Limit         

[250 symbols]
