******************************************************************************
                  TI ARM Linker PC v16.9.6                     
******************************************************************************
>> Linked Tue Oct 01 14:18:55 2019

OUTPUT FILE NAME:   <Lab3ref_SimpleMotors.out>
ENTRY POINT SYMBOL: "_c_int00"  address: 00000c95


MEMORY CONFIGURATION

         name            origin    length      used     unused   attr    fill
----------------------  --------  ---------  --------  --------  ----  --------
  MAIN                  00000000   00040000  00000dfe  0003f202  R  X
  INFO                  00200000   00004000  00000000  00004000  R  X
  SRAM_CODE             01000000   00010000  00000234  0000fdcc  RW X
  SRAM_DATA             20000000   00010000  00000234  0000fdcc  RW  


SEGMENT ALLOCATION MAP

run origin  load origin   length   init length attrs members
----------  ----------- ---------- ----------- ----- -------
00000000    00000000    00000e00   00000e00    r-x
  00000000    00000000    000000e4   000000e4    r-- .intvecs
  000000e4    000000e4    00000cf2   00000cf2    r-x .text
  00000dd8    00000dd8    00000028   00000028    r-- .cinit
20000000    20000000    00000034   00000000    rw-
  20000000    20000000    00000034   00000000    rw- .data
2000fe00    2000fe00    00000200   00000000    rw-
  2000fe00    2000fe00    00000200   00000000    rw- .stack


SECTION ALLOCATION MAP

 output                                  attributes/
section   page    origin      length       input sections
--------  ----  ----------  ----------   ----------------
.intvecs   0    00000000    000000e4     
                  00000000    000000e4     startup_msp432p401r_ccs.obj (.intvecs:retain)

.binit     0    00000000    00000000     

.text      0    000000e4    00000cf2     
                  000000e4    0000032c     system_msp432p401r.obj (.text)
                  00000410    00000280     MotorSimple.obj (.text)
                  00000690    000001e0     Clock.obj (.text)
                  00000870    000000f4     LaunchPad.obj (.text)
                  00000964    000000b2     Simple_Motorsmain.obj (.text)
                  00000a16    00000002     rtsv7M4_T_le_v4SPD16_eabi.lib : mpu_init.obj (.text)
                  00000a18    0000009c     Bump.obj (.text)
                  00000ab4    0000009c     rtsv7M4_T_le_v4SPD16_eabi.lib : memcpy_t2.obj (.text)
                  00000b50    00000070                                   : autoinit.obj (.text)
                  00000bc0    0000006c     SysTick.obj (.text)
                  00000c2c    00000068     rtsv7M4_T_le_v4SPD16_eabi.lib : copy_decompress_lzss.obj (.text:decompress:lzss)
                  00000c94    00000054                                   : boot.obj (.text)
                  00000ce8    00000054                                   : exit.obj (.text)
                  00000d3c    0000004c                                   : cpy_tbl.obj (.text)
                  00000d88    00000018                                   : args_main.obj (.text)
                  00000da0    00000014                                   : _lock.obj (.text)
                  00000db4    0000000e                                   : copy_decompress_none.obj (.text:decompress:none)
                  00000dc2    0000000e     startup_msp432p401r_ccs.obj (.text)
                  00000dd0    00000004     rtsv7M4_T_le_v4SPD16_eabi.lib : pre_init.obj (.text)
                  00000dd4    00000002                                   : startup.obj (.text)

.cinit     0    00000dd8    00000028     
                  00000dd8    00000017     (.cinit..data.load) [load image, compression = lzss]
                  00000def    00000001     --HOLE-- [fill = 0]
                  00000df0    00000008     (__TI_handler_table)
                  00000df8    00000008     (__TI_cinit_table)

.init_array 
*          0    00000000    00000000     UNINITIALIZED

.data      0    20000000    00000034     UNINITIALIZED
                  20000000    00000018     Clock.obj (.data)
                  20000018    0000000c     rtsv7M4_T_le_v4SPD16_eabi.lib : exit.obj (.data:$O1$$)
                  20000024    00000008                                   : _lock.obj (.data:$O1$$)
                  2000002c    00000004                                   : stkdepth_vars.obj (.data)
                  20000030    00000004     system_msp432p401r.obj (.data)

.stack     0    2000fe00    00000200     UNINITIALIZED
                  2000fe00    00000200     --HOLE--

MODULE SUMMARY

       Module                        code   ro data   rw data
       ------                        ----   -------   -------
    .\
       system_msp432p401r.obj        812    0         8      
       MotorSimple.obj               640    0         0      
       Clock.obj                     480    0         48     
       LaunchPad.obj                 244    0         0      
       startup_msp432p401r_ccs.obj   14     228       0      
       Simple_Motorsmain.obj         178    0         0      
       Bump.obj                      156    0         0      
       SysTick.obj                   108    0         0      
    +--+-----------------------------+------+---------+---------+
       Total:                        2632   228       56     
                                                             
    C:\ti\ccsv7\tools\compiler\ti-cgt-arm_16.9.6.LTS\lib\rtsv7M4_T_le_v4SPD16_eabi.lib
       memcpy_t2.obj                 156    0         0      
       autoinit.obj                  112    0         0      
       exit.obj                      84     0         24     
       copy_decompress_lzss.obj      104    0         0      
       boot.obj                      84     0         0      
       cpy_tbl.obj                   76     0         0      
       _lock.obj                     20     0         16     
       args_main.obj                 24     0         0      
       copy_decompress_none.obj      14     0         0      
       stkdepth_vars.obj             0      0         8      
       pre_init.obj                  4      0         0      
       mpu_init.obj                  2      0         0      
       startup.obj                   2      0         0      
    +--+-----------------------------+------+---------+---------+
       Total:                        682    0         48     
                                                             
       Stack:                        0      0         1024   
       Linker Generated:             0      39        0      
    +--+-----------------------------+------+---------+---------+
       Grand Total:                  3314   267       1128   


LINKER GENERATED COPY TABLES

__TI_cinit_table @ 00000df8 records: 1, size/record: 8, table size: 8
	.data: load addr=00000dd8, load size=00000017 bytes, run addr=20000000, run size=00000034 bytes, compression=lzss


LINKER GENERATED HANDLER TABLE

__TI_handler_table @ 00000df0 records: 2, size/record: 4, table size: 8
	index: 0, handler: __TI_decompress_lzss
	index: 1, handler: __TI_decompress_none


GLOBAL SYMBOLS: SORTED ALPHABETICALLY BY Name 

address   name                           
-------   ----                           
00000dcf  ADC14_IRQHandler               
00000dcf  AES256_IRQHandler              
00000a19  Bump_Init                      
00000a4d  Bump_Read                      
00000dcf  BusFault_Handler               
00000ce9  C$$EXIT                        
00000dcf  COMP_E0_IRQHandler             
00000dcf  COMP_E1_IRQHandler             
20000008  CPMwait                        
00000dcf  CS_IRQHandler                  
20000000  ClockFrequency                 
000007e5  Clock_Delay1ms                 
000007bb  Clock_Delay1us                 
000007a7  Clock_GetFreq                  
00000691  Clock_Init48MHz                
20000014  Crystalstable                  
00000dcf  DMA_ERR_IRQHandler             
00000dcf  DMA_INT0_IRQHandler            
00000dcf  DMA_INT1_IRQHandler            
00000dcf  DMA_INT2_IRQHandler            
00000dcf  DMA_INT3_IRQHandler            
00000dcf  DebugMon_Handler               
00000dcf  Default_Handler                
00000dcf  EUSCIA0_IRQHandler             
00000dcf  EUSCIA1_IRQHandler             
00000dcf  EUSCIA2_IRQHandler             
00000dcf  EUSCIA3_IRQHandler             
00000dcf  EUSCIB0_IRQHandler             
00000dcf  EUSCIB1_IRQHandler             
00000dcf  EUSCIB2_IRQHandler             
00000dcf  EUSCIB3_IRQHandler             
00000dcf  FLCTL_IRQHandler               
00000dcf  FPU_IRQHandler                 
00000dcf  HardFault_Handler              
20000010  IFlags                         
00000871  LaunchPad_Init                 
000008e1  LaunchPad_Input                
000008fb  LaunchPad_LED                  
00000919  LaunchPad_Output               
00000dcf  MemManage_Handler              
00000535  Motor_BackwardSimple           
000004d1  Motor_ForwardSimple            
00000437  Motor_InitSimple               
00000599  Motor_LeftSimple               
000005fd  Motor_RightSimple              
000004b1  Motor_StopSimple               
00000dcf  NMI_Handler                    
00000dcf  PCM_IRQHandler                 
00000dcf  PORT1_IRQHandler               
00000dcf  PORT2_IRQHandler               
00000dcf  PORT3_IRQHandler               
00000dcf  PORT4_IRQHandler               
00000dcf  PORT5_IRQHandler               
00000dcf  PORT6_IRQHandler               
00000dcf  PSS_IRQHandler                 
00000965  Pause                          
00000dcf  PendSV_Handler                 
2000000c  Postwait                       
20000004  Prewait                        
00000dcf  RTC_C_IRQHandler               
00000dc3  Reset_Handler                  
UNDEFED   SHT$$INIT_ARRAY$$Base          
UNDEFED   SHT$$INIT_ARRAY$$Limit         
00000dcf  SVC_Handler                    
00000dcf  SysTick_Handler                
00000bc1  SysTick_Init                   
00000bd1  SysTick_Wait                   
00000bf7  SysTick_Wait10ms               
00000411  SysTick_Wait1us                
20000030  SystemCoreClock                
000000e5  SystemCoreClockUpdate          
00000359  SystemInit                     
00000dcf  T32_INT1_IRQHandler            
00000dcf  T32_INT2_IRQHandler            
00000dcf  T32_INTC_IRQHandler            
00000dcf  TA0_0_IRQHandler               
00000dcf  TA0_N_IRQHandler               
00000dcf  TA1_0_IRQHandler               
00000dcf  TA1_N_IRQHandler               
00000dcf  TA2_0_IRQHandler               
00000dcf  TA2_N_IRQHandler               
00000dcf  TA3_0_IRQHandler               
00000dcf  TA3_N_IRQHandler               
00000dcf  UsageFault_Handler             
4000480c  WDTCTL_SYM                     
00000dcf  WDT_A_IRQHandler               
20010000  __STACK_END                    
00000200  __STACK_SIZE                   
00000df8  __TI_CINIT_Base                
00000e00  __TI_CINIT_Limit               
00000df0  __TI_Handler_Table_Base        
00000df8  __TI_Handler_Table_Limit       
00000b51  __TI_auto_init                 
20000018  __TI_cleanup_ptr               
00000c2d  __TI_decompress_lzss           
00000db5  __TI_decompress_none           
2000001c  __TI_dtors_ptr                 
20000020  __TI_enable_exit_profile_output
ffffffff  __TI_pprof_out_hndl            
ffffffff  __TI_prof_data_size            
ffffffff  __TI_prof_data_start           
00000000  __TI_static_base__             
00000ab5  __aeabi_memcpy                 
00000ab5  __aeabi_memcpy4                
00000ab5  __aeabi_memcpy8                
ffffffff  __binit__                      
ffffffff  __c_args__                     
00000a17  __mpu_init                     
2000fe00  __stack                        
00000d89  _args_main                     
00000c95  _c_int00                       
20000024  _lock                          
00000daf  _nop                           
00000da7  _register_lock                 
00000da1  _register_unlock               
00000dd5  _system_post_cinit             
00000dd1  _system_pre_init               
20000028  _unlock                        
00000ced  abort                          
ffffffff  binit                          
00000d3d  copy_in                        
000007ad  delay                          
00000cf5  exit                           
00000000  interruptVectors               
00000979  main                           
2000002c  main_func_sp                   
00000ab5  memcpy                         


GLOBAL SYMBOLS: SORTED BY Symbol Address 

address   name                           
-------   ----                           
00000000  __TI_static_base__             
00000000  interruptVectors               
000000e5  SystemCoreClockUpdate          
00000200  __STACK_SIZE                   
00000359  SystemInit                     
00000411  SysTick_Wait1us                
00000437  Motor_InitSimple               
000004b1  Motor_StopSimple               
000004d1  Motor_ForwardSimple            
00000535  Motor_BackwardSimple           
00000599  Motor_LeftSimple               
000005fd  Motor_RightSimple              
00000691  Clock_Init48MHz                
000007a7  Clock_GetFreq                  
000007ad  delay                          
000007bb  Clock_Delay1us                 
000007e5  Clock_Delay1ms                 
00000871  LaunchPad_Init                 
000008e1  LaunchPad_Input                
000008fb  LaunchPad_LED                  
00000919  LaunchPad_Output               
00000965  Pause                          
00000979  main                           
00000a17  __mpu_init                     
00000a19  Bump_Init                      
00000a4d  Bump_Read                      
00000ab5  __aeabi_memcpy                 
00000ab5  __aeabi_memcpy4                
00000ab5  __aeabi_memcpy8                
00000ab5  memcpy                         
00000b51  __TI_auto_init                 
00000bc1  SysTick_Init                   
00000bd1  SysTick_Wait                   
00000bf7  SysTick_Wait10ms               
00000c2d  __TI_decompress_lzss           
00000c95  _c_int00                       
00000ce9  C$$EXIT                        
00000ced  abort                          
00000cf5  exit                           
00000d3d  copy_in                        
00000d89  _args_main                     
00000da1  _register_unlock               
00000da7  _register_lock                 
00000daf  _nop                           
00000db5  __TI_decompress_none           
00000dc3  Reset_Handler                  
00000dcf  ADC14_IRQHandler               
00000dcf  AES256_IRQHandler              
00000dcf  BusFault_Handler               
00000dcf  COMP_E0_IRQHandler             
00000dcf  COMP_E1_IRQHandler             
00000dcf  CS_IRQHandler                  
00000dcf  DMA_ERR_IRQHandler             
00000dcf  DMA_INT0_IRQHandler            
00000dcf  DMA_INT1_IRQHandler            
00000dcf  DMA_INT2_IRQHandler            
00000dcf  DMA_INT3_IRQHandler            
00000dcf  DebugMon_Handler               
00000dcf  Default_Handler                
00000dcf  EUSCIA0_IRQHandler             
00000dcf  EUSCIA1_IRQHandler             
00000dcf  EUSCIA2_IRQHandler             
00000dcf  EUSCIA3_IRQHandler             
00000dcf  EUSCIB0_IRQHandler             
00000dcf  EUSCIB1_IRQHandler             
00000dcf  EUSCIB2_IRQHandler             
00000dcf  EUSCIB3_IRQHandler             
00000dcf  FLCTL_IRQHandler               
00000dcf  FPU_IRQHandler                 
00000dcf  HardFault_Handler              
00000dcf  MemManage_Handler              
00000dcf  NMI_Handler                    
00000dcf  PCM_IRQHandler                 
00000dcf  PORT1_IRQHandler               
00000dcf  PORT2_IRQHandler               
00000dcf  PORT3_IRQHandler               
00000dcf  PORT4_IRQHandler               
00000dcf  PORT5_IRQHandler               
00000dcf  PORT6_IRQHandler               
00000dcf  PSS_IRQHandler                 
00000dcf  PendSV_Handler                 
00000dcf  RTC_C_IRQHandler               
00000dcf  SVC_Handler                    
00000dcf  SysTick_Handler                
00000dcf  T32_INT1_IRQHandler            
00000dcf  T32_INT2_IRQHandler            
00000dcf  T32_INTC_IRQHandler            
00000dcf  TA0_0_IRQHandler               
00000dcf  TA0_N_IRQHandler               
00000dcf  TA1_0_IRQHandler               
00000dcf  TA1_N_IRQHandler               
00000dcf  TA2_0_IRQHandler               
00000dcf  TA2_N_IRQHandler               
00000dcf  TA3_0_IRQHandler               
00000dcf  TA3_N_IRQHandler               
00000dcf  UsageFault_Handler             
00000dcf  WDT_A_IRQHandler               
00000dd1  _system_pre_init               
00000dd5  _system_post_cinit             
00000df0  __TI_Handler_Table_Base        
00000df8  __TI_CINIT_Base                
00000df8  __TI_Handler_Table_Limit       
00000e00  __TI_CINIT_Limit               
20000000  ClockFrequency                 
20000004  Prewait                        
20000008  CPMwait                        
2000000c  Postwait                       
20000010  IFlags                         
20000014  Crystalstable                  
20000018  __TI_cleanup_ptr               
2000001c  __TI_dtors_ptr                 
20000020  __TI_enable_exit_profile_output
20000024  _lock                          
20000028  _unlock                        
2000002c  main_func_sp                   
20000030  SystemCoreClock                
2000fe00  __stack                        
20010000  __STACK_END                    
4000480c  WDTCTL_SYM                     
ffffffff  __TI_pprof_out_hndl            
ffffffff  __TI_prof_data_size            
ffffffff  __TI_prof_data_start           
ffffffff  __binit__                      
ffffffff  __c_args__                     
ffffffff  binit                          
UNDEFED   SHT$$INIT_ARRAY$$Base          
UNDEFED   SHT$$INIT_ARRAY$$Limit         

[127 symbols]
