******************************************************************************
                  TI ARM Linker PC v16.9.6                     
******************************************************************************
>> Linked Tue Oct 29 09:21:47 2019

OUTPUT FILE NAME:   <Lab4_ADC_IRSensors.out>
ENTRY POINT SYMBOL: "_c_int00"  address: 00002a5d


MEMORY CONFIGURATION

         name            origin    length      used     unused   attr    fill
----------------------  --------  ---------  --------  --------  ----  --------
  MAIN                  00000000   00040000  00002e68  0003d198  R  X
  INFO                  00200000   00004000  00000000  00004000  R  X
  SRAM_CODE             01000000   00010000  00003a20  0000c5e0  RW X
  SRAM_DATA             20000000   00010000  00003a20  0000c5e0  RW  


SEGMENT ALLOCATION MAP

run origin  load origin   length   init length attrs members
----------  ----------- ---------- ----------- ----- -------
00000000    00000000    00002e68   00002e68    r-x
  00000000    00000000    000000e4   000000e4    r-- .intvecs
  000000e4    000000e4    00002ce4   00002ce4    r-x .text
  00002dc8    00002dc8    000000a0   000000a0    r-- .cinit
20000000    20000000    00003820   00000000    rw-
  20000000    20000000    00003208   00000000    rw- .bss
  20003208    20003208    00000400   00000000    rw- .sysmem
  20003608    20003608    00000218   00000000    rw- .data
2000fe00    2000fe00    00000200   00000000    rw-
  2000fe00    2000fe00    00000200   00000000    rw- .stack


SECTION ALLOCATION MAP

 output                                  attributes/
section   page    origin      length       input sections
--------  ----  ----------  ----------   ----------------
.intvecs   0    00000000    000000e4     
                  00000000    000000e4     startup_msp432p401r_ccs.obj (.intvecs:retain)

.binit     0    00000000    00000000     

.text      0    000000e4    00002ce4     
                  000000e4    000006bc     UART0.obj (.text)
                  000007a0    000003d0     rtsv7M4_T_le_v4SPD16_eabi.lib : memory.obj (.text)
                  00000b70    0000032c     system_msp432p401r.obj (.text)
                  00000e9c    00000308     LPF.obj (.text)
                  000011a4    00000260     ADC14.obj (.text)
                  00001404    000001e0     Clock.obj (.text)
                  000015e4    000001c4     rtsv7M4_T_le_v4SPD16_eabi.lib : fopen.obj (.text)
                  000017a8    000001b6                                   : fd_add_t2.obj (.text)
                  0000195e    00000002                                   : mpu_init.obj (.text)
                  00001960    00000184     Lab4_ADCmain.obj (.text)
                  00001ae4    00000170     rtsv7M4_T_le_v4SPD16_eabi.lib : e_sqrt.obj (.text)
                  00001c54    00000136                                   : fd_div_t2.obj (.text)
                  00001d8a    00000002                                   : startup.obj (.text)
                  00001d8c    00000100     IRDistance.obj (.text)
                  00001e8c    000000fc     rtsv7M4_T_le_v4SPD16_eabi.lib : fd_mul_t2.obj (.text)
                  00001f88    000000f4     LaunchPad.obj (.text)
                  0000207c    000000dc     rtsv7M4_T_le_v4SPD16_eabi.lib : setvbuf.obj (.text)
                  00002158    000000c8                                   : fflush.obj (.text)
                  00002220    000000bc                                   : open.obj (.text)
                  000022dc    000000b8                                   : add_device.obj (.text)
                  00002394    000000a8     TimerA1.obj (.text)
                  0000243c    0000009c     rtsv7M4_T_le_v4SPD16_eabi.lib : memcpy_t2.obj (.text)
                  000024d8    00000098                                   : fclose.obj (.text)
                  00002570    00000086                                   : fd_cmp_t2.obj (.text:__aeabi_cdrcmple)
                  000025f6    0000007a                                   : memset_t2.obj (.text)
                  00002670    00000070                                   : autoinit.obj (.text)
                  000026e0    00000070                                   : getdevice.obj (.text)
                  00002750    00000068                                   : copy_decompress_lzss.obj (.text:decompress:lzss)
                  000027b8    00000068                                   : hostlseek.obj (.text)
                  00002820    00000068                                   : hostrename.obj (.text)
                  00002888    00000068                                   : trgmsg.obj (.text)
                  000028f0    00000060                                   : hostopen.obj (.text)
                  00002950    0000005c                                   : close.obj (.text)
                  000029ac    00000058                                   : hostread.obj (.text)
                  00002a04    00000058                                   : hostwrite.obj (.text)
                  00002a5c    00000054                                   : boot.obj (.text)
                  00002ab0    00000054                                   : exit.obj (.text)
                  00002b04    0000004c                                   : cpy_tbl.obj (.text)
                  00002b50    00000044                                   : fd_tou_t2.obj (.text)
                  00002b94    00000044                                   : hostclose.obj (.text)
                  00002bd8    00000044                                   : hostunlink.obj (.text)
                  00002c1c    00000036                                   : strncpy.obj (.text)
                  00002c52    0000002e                                   : i_tofd_t2.obj (.text)
                  00002c80    0000002c                                   : unlink.obj (.text)
                  00002cac    00000028                                   : write.obj (.text)
                  00002cd4    00000024     CortexM.obj (.text)
                  00002cf8    00000020     rtsv7M4_T_le_v4SPD16_eabi.lib : u_tofd_t2.obj (.text)
                  00002d18    00000018                                   : args_main.obj (.text)
                  00002d30    00000018                                   : strcmp.obj (.text)
                  00002d48    00000016                                   : strchr.obj (.text)
                  00002d5e    00000002     --HOLE-- [fill = 0]
                  00002d60    00000014                                   : _lock.obj (.text)
                  00002d74    00000014                                   : strcpy.obj (.text)
                  00002d88    00000014                                   : strlen.obj (.text)
                  00002d9c    0000000e                                   : copy_decompress_none.obj (.text:decompress:none)
                  00002daa    0000000e     startup_msp432p401r_ccs.obj (.text)
                  00002db8    0000000c     rtsv7M4_T_le_v4SPD16_eabi.lib : copy_zero_init.obj (.text:decompress:ZI)
                  00002dc4    00000004                                   : pre_init.obj (.text)

.cinit     0    00002dc8    000000a0     
                  00002dc8    00000079     (.cinit..data.load) [load image, compression = lzss]
                  00002e41    00000003     --HOLE-- [fill = 0]
                  00002e44    0000000c     (__TI_handler_table)
                  00002e50    00000008     (.cinit..bss.load) [load image, compression = zero_init]
                  00002e58    00000010     (__TI_cinit_table)

.init_array 
*          0    00000000    00000000     UNINITIALIZED

.bss       0    20000000    00003208     UNINITIALIZED
                  20000000    00001000     (.common:x)
                  20001000    00001000     (.common:x2)
                  20002000    00001000     (.common:x3)
                  20003000    00000120     rtsv7M4_T_le_v4SPD16_eabi.lib : trgmsg.obj (.bss:_CIOBUF_)
                  20003120    000000a0     (.common:__TI_tmpnams)
                  200031c0    00000008     (.common:Messageb)
                  200031c8    00000008     (.common:parmbuf)
                  200031d0    00000004     (.common:ADCflag)
                  200031d4    00000004     (.common:I1)
                  200031d8    00000004     (.common:LPFSum)
                  200031dc    00000004     (.common:LPFSum2)
                  200031e0    00000004     (.common:LPFSum3)
                  200031e4    00000004     (.common:Messageindexb)
                  200031e8    00000004     (.common:Pt)
                  200031ec    00000004     (.common:Pt2)
                  200031f0    00000004     (.common:Pt3)
                  200031f4    00000004     (.common:Size)
                  200031f8    00000004     (.common:TimerA1Task)
                  200031fc    00000004     (.common:nc)
                  20003200    00000004     (.common:nl)
                  20003204    00000004     (.common:nr)

.sysmem    0    20003208    00000400     UNINITIALIZED
                  20003208    00000008     rtsv7M4_T_le_v4SPD16_eabi.lib : memory.obj (.sysmem)
                  20003210    000003f8     --HOLE--

.data      0    20003608    00000218     UNINITIALIZED
                  20003608    000000f0     rtsv7M4_T_le_v4SPD16_eabi.lib : defs.obj (.data:_ftable)
                  200036f8    00000078                                   : write.obj (.data:_device)
                  20003770    00000050                                   : write.obj (.data:_stream)
                  200037c0    00000018     Clock.obj (.data)
                  200037d8    00000010     rtsv7M4_T_le_v4SPD16_eabi.lib : defs.obj (.data)
                  200037e8    0000000c                                   : exit.obj (.data:$O1$$)
                  200037f4    0000000c                                   : memory.obj (.data:$O1$$)
                  20003800    00000008                                   : _lock.obj (.data:$O1$$)
                  20003808    00000004                                   : add_device.obj (.data)
                  2000380c    00000004                                   : errno.obj (.data)
                  20003810    00000004                                   : fopen.obj (.data)
                  20003814    00000004                                   : open.obj (.data)
                  20003818    00000004                                   : stkdepth_vars.obj (.data)
                  2000381c    00000004     system_msp432p401r.obj (.data)

.stack     0    2000fe00    00000200     UNINITIALIZED
                  2000fe00    00000200     --HOLE--

MODULE SUMMARY

       Module                        code    ro data   rw data
       ------                        ----    -------   -------
    .\
       LPF.obj                       776     0         24640  
       UART0.obj                     1724    0         24     
       system_msp432p401r.obj        812     0         8      
       ADC14.obj                     608     0         0      
       Clock.obj                     480     0         48     
       Lab4_ADCmain.obj              388     0         32     
       IRDistance.obj                256     0         0      
       LaunchPad.obj                 244     0         0      
       startup_msp432p401r_ccs.obj   14      228       0      
       TimerA1.obj                   168     0         8      
       CortexM.obj                   36      0         0      
    +--+-----------------------------+-------+---------+---------+
       Total:                        5506    228       24760  
                                                              
    C:\ti\ccsv7\tools\compiler\ti-cgt-arm_16.9.6.LTS\lib\rtsv7M4_T_le_v4SPD16_eabi.lib
       memory.obj                    976     0         24     
       defs.obj                      0       0         832    
       trgmsg.obj                    104     0         576    
       fopen.obj                     452     0         8      
       write.obj                     40      0         400    
       fd_add_t2.obj                 438     0         0      
       e_sqrt.obj                    368     0         0      
       fd_div_t2.obj                 310     0         0      
       fd_mul_t2.obj                 252     0         0      
       setvbuf.obj                   220     0         0      
       fflush.obj                    200     0         0      
       open.obj                      188     0         8      
       add_device.obj                184     0         8      
       memcpy_t2.obj                 156     0         0      
       fclose.obj                    152     0         0      
       fd_cmp_t2.obj                 134     0         0      
       memset_t2.obj                 122     0         0      
       autoinit.obj                  112     0         0      
       getdevice.obj                 112     0         0      
       hostopen.obj                  96      0         16     
       exit.obj                      84      0         24     
       copy_decompress_lzss.obj      104     0         0      
       hostlseek.obj                 104     0         0      
       hostrename.obj                104     0         0      
       close.obj                     92      0         0      
       hostread.obj                  88      0         0      
       hostwrite.obj                 88      0         0      
       boot.obj                      84      0         0      
       cpy_tbl.obj                   76      0         0      
       fd_tou_t2.obj                 68      0         0      
       hostclose.obj                 68      0         0      
       hostunlink.obj                68      0         0      
       strncpy.obj                   54      0         0      
       i_tofd_t2.obj                 46      0         0      
       unlink.obj                    44      0         0      
       _lock.obj                     20      0         16     
       u_tofd_t2.obj                 32      0         0      
       args_main.obj                 24      0         0      
       strcmp.obj                    24      0         0      
       strchr.obj                    22      0         0      
       strcpy.obj                    20      0         0      
       strlen.obj                    20      0         0      
       copy_decompress_none.obj      14      0         0      
       copy_zero_init.obj            12      0         0      
       errno.obj                     0       0         8      
       stkdepth_vars.obj             0       0         8      
       pre_init.obj                  4       0         0      
       mpu_init.obj                  2       0         0      
       startup.obj                   2       0         0      
    +--+-----------------------------+-------+---------+---------+
       Total:                        5984    0         1928   
                                                              
       Heap:                         0       0         2048   
       Stack:                        0       0         1024   
       Linker Generated:             0       157       0      
    +--+-----------------------------+-------+---------+---------+
       Grand Total:                  11490   385       29760  


LINKER GENERATED COPY TABLES

__TI_cinit_table @ 00002e58 records: 2, size/record: 8, table size: 16
	.data: load addr=00002dc8, load size=00000079 bytes, run addr=20003608, run size=00000218 bytes, compression=lzss
	.bss: load addr=00002e50, load size=00000008 bytes, run addr=20000000, run size=00003208 bytes, compression=zero_init


LINKER GENERATED HANDLER TABLE

__TI_handler_table @ 00002e44 records: 3, size/record: 4, table size: 12
	index: 0, handler: __TI_decompress_lzss
	index: 1, handler: __TI_decompress_none
	index: 2, handler: __TI_zero_init


GLOBAL SYMBOLS: SORTED ALPHABETICALLY BY Name 

address   name                           
-------   ----                           
000012a1  ADC0_InitSWTriggerCh12         
00001311  ADC0_InitSWTriggerCh17_12_16   
000011a5  ADC0_InitSWTriggerCh6          
00001215  ADC0_InitSWTriggerCh67         
00002db7  ADC14_IRQHandler               
000012f1  ADC_In12                       
00001381  ADC_In17_12_16                 
000011f5  ADC_In6                        
0000126b  ADC_In67                       
200031d0  ADCflag                        
00002db7  AES256_IRQHandler              
00002db7  BusFault_Handler               
00002ab1  C$$EXIT                        
000028b7  C$$IO$$                        
00002db7  COMP_E0_IRQHandler             
00002db7  COMP_E1_IRQHandler             
200037c8  CPMwait                        
00002db7  CS_IRQHandler                  
00001ddd  CenterConvert                  
200037c0  ClockFrequency                 
00001559  Clock_Delay1ms                 
0000152f  Clock_Delay1us                 
0000151b  Clock_GetFreq                  
00001405  Clock_Init48MHz                
200037d4  Crystalstable                  
00002db7  DMA_ERR_IRQHandler             
00002db7  DMA_INT0_IRQHandler            
00002db7  DMA_INT1_IRQHandler            
00002db7  DMA_INT2_IRQHandler            
00002db7  DMA_INT3_IRQHandler            
00002db7  DebugMon_Handler               
00002db7  Default_Handler                
00002cd5  DisableInterrupts              
00002db7  EUSCIA0_IRQHandler             
00002db7  EUSCIA1_IRQHandler             
00002db7  EUSCIA2_IRQHandler             
00002db7  EUSCIA3_IRQHandler             
00002db7  EUSCIB0_IRQHandler             
00002db7  EUSCIB1_IRQHandler             
00002db7  EUSCIB2_IRQHandler             
00002db7  EUSCIB3_IRQHandler             
00002cdb  EnableInterrupts               
00002ceb  EndCritical                    
00002db7  FLCTL_IRQHandler               
00002db7  FPU_IRQHandler                 
00002b95  HOSTclose                      
000027b9  HOSTlseek                      
000028f1  HOSTopen                       
000029ad  HOSTread                       
00002821  HOSTrename                     
00002bd9  HOSTunlink                     
00002a05  HOSTwrite                      
00002db7  HardFault_Handler              
200031d4  I1                             
200037d0  IFlags                         
200031d8  LPFSum                         
200031dc  LPFSum2                        
200031e0  LPFSum3                        
00000fb1  LPF_Calc                       
00001059  LPF_Calc2                      
0000111d  LPF_Calc3                      
00000ef1  LPF_Calc_old                   
00000f53  LPF_Init                       
00001005  LPF_Init2                      
000010bb  LPF_Init3                      
00000e9d  LPF_Init_old                   
00001f89  LaunchPad_Init                 
00001ff9  LaunchPad_Input                
00002013  LaunchPad_LED                  
00002031  LaunchPad_Output               
00001d8d  LeftConvert                    
00002db7  MemManage_Handler              
200031c0  Messageb                       
200031e4  Messageindexb                  
00002db7  NMI_Handler                    
00002db7  PCM_IRQHandler                 
00002db7  PORT1_IRQHandler               
00002db7  PORT2_IRQHandler               
00002db7  PORT3_IRQHandler               
00002db7  PORT4_IRQHandler               
00002db7  PORT5_IRQHandler               
00002db7  PORT6_IRQHandler               
00002db7  PSS_IRQHandler                 
00002db7  PendSV_Handler                 
200037cc  Postwait                       
200037c4  Prewait                        
200031e8  Pt                             
200031ec  Pt2                            
200031f0  Pt3                            
00002db7  RTC_C_IRQHandler               
00002dab  Reset_Handler                  
00001e2d  RightConvert                   
UNDEFED   SHT$$INIT_ARRAY$$Base          
UNDEFED   SHT$$INIT_ARRAY$$Limit         
00002db7  SVC_Handler                    
00001961  SensorRead_ISR                 
200031f4  Size                           
00002ce1  StartCritical                  
00002db7  SysTick_Handler                
2000381c  SystemCoreClock                
00000b71  SystemCoreClockUpdate          
00000de5  SystemInit                     
00002db7  T32_INT1_IRQHandler            
00002db7  T32_INT2_IRQHandler            
00002db7  T32_INTC_IRQHandler            
00002db7  TA0_0_IRQHandler               
00002db7  TA0_N_IRQHandler               
00002407  TA1_0_IRQHandler               
00002407  TA1_0_IRQHandler               
00002db7  TA1_N_IRQHandler               
00002db7  TA2_0_IRQHandler               
00002db7  TA2_N_IRQHandler               
00002db7  TA3_0_IRQHandler               
00002db7  TA3_N_IRQHandler               
200031f8  TimerA1Task                    
00002395  TimerA1_Init                   
000023f3  TimerA1_Stop                   
0000012b  UART0_InChar                   
000005b5  UART0_InString                 
00000175  UART0_InUDec                   
00000469  UART0_InUHex                   
000000e5  UART0_Init                     
00000715  UART0_Initprintf               
0000013b  UART0_OutChar                  
00000157  UART0_OutString                
000001f9  UART0_OutUDec                  
00000365  UART0_OutUDec4                 
000003b9  UART0_OutUDec5                 
000003f5  UART0_OutUFix1                 
0000041d  UART0_OutUFix2                 
0000052d  UART0_OutUHex                  
00000599  UART0_OutUHex2                 
00002db7  UsageFault_Handler             
4000480c  WDTCTL_SYM                     
00002db7  WDT_A_IRQHandler               
00002cf3  WaitForInterrupt               
20003000  __CIOBUF_                      
20010000  __STACK_END                    
00000200  __STACK_SIZE                   
00000400  __SYSMEM_SIZE                  
00002e58  __TI_CINIT_Base                
00002e68  __TI_CINIT_Limit               
00002e44  __TI_Handler_Table_Base        
00002e50  __TI_Handler_Table_Limit       
00002671  __TI_auto_init                 
000016ad  __TI_cleanup                   
200037e8  __TI_cleanup_ptr               
000024d9  __TI_closefile                 
00002751  __TI_decompress_lzss           
00002d9d  __TI_decompress_none           
00002159  __TI_doflush                   
200037ec  __TI_dtors_ptr                 
200037f0  __TI_enable_exit_profile_output
200037d8  __TI_ft_end                    
ffffffff  __TI_pprof_out_hndl            
ffffffff  __TI_prof_data_size            
ffffffff  __TI_prof_data_start           
000028bb  __TI_readmsg                   
00000000  __TI_static_base__             
20003120  __TI_tmpnams                   
00002889  __TI_writemsg                  
00002db9  __TI_zero_init                 
00002571  __aeabi_cdrcmple               
00002b51  __aeabi_d2uiz                  
000017b3  __aeabi_dadd                   
00001c55  __aeabi_ddiv                   
00001e8d  __aeabi_dmul                   
000017a9  __aeabi_dsub                   
00002c53  __aeabi_i2d                    
000025f7  __aeabi_memclr                 
000025f7  __aeabi_memclr4                
000025f7  __aeabi_memclr8                
0000243d  __aeabi_memcpy                 
0000243d  __aeabi_memcpy4                
0000243d  __aeabi_memcpy8                
000025f9  __aeabi_memset                 
000025f9  __aeabi_memset4                
000025f9  __aeabi_memset8                
200037e4  __aeabi_stderr                 
200037dc  __aeabi_stdin                  
200037e0  __aeabi_stdout                 
00002cf9  __aeabi_ui2d                   
ffffffff  __binit__                      
ffffffff  __c_args__                     
0000195f  __mpu_init                     
2000fe00  __stack                        
00002d19  _args_main                     
00002a5d  _c_int00                       
200036f8  _device                        
20003608  _ftable                        
20003800  _lock                          
00002d6f  _nop                           
00002d67  _register_lock                 
00002d61  _register_unlock               
20003770  _stream                        
20003208  _sys_memory                    
00001d8b  _system_post_cinit             
00002dc5  _system_pre_init               
20003804  _unlock                        
00002ab5  abort                          
000022dd  add_device                     
ffffffff  binit                          
00000b41  calloc                         
00002951  close                          
00002b05  copy_in                        
00001521  delay                          
2000380c  errno                          
00002abd  exit                           
0000253f  fclose                         
0000064f  ferror                         
000021a5  fflush                         
0000062f  fgetc                          
000026e1  finddevice                     
00001703  fopen                          
0000088b  free                           
000016d9  freopen                        
0000270b  getdevice                      
00000000  interruptVectors               
000019b1  main                           
20003818  main_func_sp                   
00000821  malloc                         
00000a55  memalign                       
0000243d  memcpy                         
000025ff  memset                         
000007a1  minit                          
200031fc  nc                             
20003200  nl                             
20003204  nr                             
00002221  open                           
00000571  outnibble                      
200031c8  parmbuf                        
0000094b  realloc                        
00002c81  remove                         
0000207d  setvbuf                        
00001ae5  sqrt                           
00001ae5  sqrtl                          
00002d49  strchr                         
00002d31  strcmp                         
00002d75  strcpy                         
00002d89  strlen                         
00002c1d  strncpy                        
0000066d  uart_close                     
000006eb  uart_lseek                     
0000065d  uart_open                      
0000067f  uart_read                      
00000707  uart_rename                    
000006fb  uart_unlink                    
000006a9  uart_write                     
00002c81  unlink                         
00002cad  write                          
20000000  x                              
20001000  x2                             
20002000  x3                             


GLOBAL SYMBOLS: SORTED BY Symbol Address 

address   name                           
-------   ----                           
00000000  __TI_static_base__             
00000000  interruptVectors               
000000e5  UART0_Init                     
0000012b  UART0_InChar                   
0000013b  UART0_OutChar                  
00000157  UART0_OutString                
00000175  UART0_InUDec                   
000001f9  UART0_OutUDec                  
00000200  __STACK_SIZE                   
00000365  UART0_OutUDec4                 
000003b9  UART0_OutUDec5                 
000003f5  UART0_OutUFix1                 
00000400  __SYSMEM_SIZE                  
0000041d  UART0_OutUFix2                 
00000469  UART0_InUHex                   
0000052d  UART0_OutUHex                  
00000571  outnibble                      
00000599  UART0_OutUHex2                 
000005b5  UART0_InString                 
0000062f  fgetc                          
0000064f  ferror                         
0000065d  uart_open                      
0000066d  uart_close                     
0000067f  uart_read                      
000006a9  uart_write                     
000006eb  uart_lseek                     
000006fb  uart_unlink                    
00000707  uart_rename                    
00000715  UART0_Initprintf               
000007a1  minit                          
00000821  malloc                         
0000088b  free                           
0000094b  realloc                        
00000a55  memalign                       
00000b41  calloc                         
00000b71  SystemCoreClockUpdate          
00000de5  SystemInit                     
00000e9d  LPF_Init_old                   
00000ef1  LPF_Calc_old                   
00000f53  LPF_Init                       
00000fb1  LPF_Calc                       
00001005  LPF_Init2                      
00001059  LPF_Calc2                      
000010bb  LPF_Init3                      
0000111d  LPF_Calc3                      
000011a5  ADC0_InitSWTriggerCh6          
000011f5  ADC_In6                        
00001215  ADC0_InitSWTriggerCh67         
0000126b  ADC_In67                       
000012a1  ADC0_InitSWTriggerCh12         
000012f1  ADC_In12                       
00001311  ADC0_InitSWTriggerCh17_12_16   
00001381  ADC_In17_12_16                 
00001405  Clock_Init48MHz                
0000151b  Clock_GetFreq                  
00001521  delay                          
0000152f  Clock_Delay1us                 
00001559  Clock_Delay1ms                 
000016ad  __TI_cleanup                   
000016d9  freopen                        
00001703  fopen                          
000017a9  __aeabi_dsub                   
000017b3  __aeabi_dadd                   
0000195f  __mpu_init                     
00001961  SensorRead_ISR                 
000019b1  main                           
00001ae5  sqrt                           
00001ae5  sqrtl                          
00001c55  __aeabi_ddiv                   
00001d8b  _system_post_cinit             
00001d8d  LeftConvert                    
00001ddd  CenterConvert                  
00001e2d  RightConvert                   
00001e8d  __aeabi_dmul                   
00001f89  LaunchPad_Init                 
00001ff9  LaunchPad_Input                
00002013  LaunchPad_LED                  
00002031  LaunchPad_Output               
0000207d  setvbuf                        
00002159  __TI_doflush                   
000021a5  fflush                         
00002221  open                           
000022dd  add_device                     
00002395  TimerA1_Init                   
000023f3  TimerA1_Stop                   
00002407  TA1_0_IRQHandler               
00002407  TA1_0_IRQHandler               
0000243d  __aeabi_memcpy                 
0000243d  __aeabi_memcpy4                
0000243d  __aeabi_memcpy8                
0000243d  memcpy                         
000024d9  __TI_closefile                 
0000253f  fclose                         
00002571  __aeabi_cdrcmple               
000025f7  __aeabi_memclr                 
000025f7  __aeabi_memclr4                
000025f7  __aeabi_memclr8                
000025f9  __aeabi_memset                 
000025f9  __aeabi_memset4                
000025f9  __aeabi_memset8                
000025ff  memset                         
00002671  __TI_auto_init                 
000026e1  finddevice                     
0000270b  getdevice                      
00002751  __TI_decompress_lzss           
000027b9  HOSTlseek                      
00002821  HOSTrename                     
00002889  __TI_writemsg                  
000028b7  C$$IO$$                        
000028bb  __TI_readmsg                   
000028f1  HOSTopen                       
00002951  close                          
000029ad  HOSTread                       
00002a05  HOSTwrite                      
00002a5d  _c_int00                       
00002ab1  C$$EXIT                        
00002ab5  abort                          
00002abd  exit                           
00002b05  copy_in                        
00002b51  __aeabi_d2uiz                  
00002b95  HOSTclose                      
00002bd9  HOSTunlink                     
00002c1d  strncpy                        
00002c53  __aeabi_i2d                    
00002c81  remove                         
00002c81  unlink                         
00002cad  write                          
00002cd5  DisableInterrupts              
00002cdb  EnableInterrupts               
00002ce1  StartCritical                  
00002ceb  EndCritical                    
00002cf3  WaitForInterrupt               
00002cf9  __aeabi_ui2d                   
00002d19  _args_main                     
00002d31  strcmp                         
00002d49  strchr                         
00002d61  _register_unlock               
00002d67  _register_lock                 
00002d6f  _nop                           
00002d75  strcpy                         
00002d89  strlen                         
00002d9d  __TI_decompress_none           
00002dab  Reset_Handler                  
00002db7  ADC14_IRQHandler               
00002db7  AES256_IRQHandler              
00002db7  BusFault_Handler               
00002db7  COMP_E0_IRQHandler             
00002db7  COMP_E1_IRQHandler             
00002db7  CS_IRQHandler                  
00002db7  DMA_ERR_IRQHandler             
00002db7  DMA_INT0_IRQHandler            
00002db7  DMA_INT1_IRQHandler            
00002db7  DMA_INT2_IRQHandler            
00002db7  DMA_INT3_IRQHandler            
00002db7  DebugMon_Handler               
00002db7  Default_Handler                
00002db7  EUSCIA0_IRQHandler             
00002db7  EUSCIA1_IRQHandler             
00002db7  EUSCIA2_IRQHandler             
00002db7  EUSCIA3_IRQHandler             
00002db7  EUSCIB0_IRQHandler             
00002db7  EUSCIB1_IRQHandler             
00002db7  EUSCIB2_IRQHandler             
00002db7  EUSCIB3_IRQHandler             
00002db7  FLCTL_IRQHandler               
00002db7  FPU_IRQHandler                 
00002db7  HardFault_Handler              
00002db7  MemManage_Handler              
00002db7  NMI_Handler                    
00002db7  PCM_IRQHandler                 
00002db7  PORT1_IRQHandler               
00002db7  PORT2_IRQHandler               
00002db7  PORT3_IRQHandler               
00002db7  PORT4_IRQHandler               
00002db7  PORT5_IRQHandler               
00002db7  PORT6_IRQHandler               
00002db7  PSS_IRQHandler                 
00002db7  PendSV_Handler                 
00002db7  RTC_C_IRQHandler               
00002db7  SVC_Handler                    
00002db7  SysTick_Handler                
00002db7  T32_INT1_IRQHandler            
00002db7  T32_INT2_IRQHandler            
00002db7  T32_INTC_IRQHandler            
00002db7  TA0_0_IRQHandler               
00002db7  TA0_N_IRQHandler               
00002db7  TA1_N_IRQHandler               
00002db7  TA2_0_IRQHandler               
00002db7  TA2_N_IRQHandler               
00002db7  TA3_0_IRQHandler               
00002db7  TA3_N_IRQHandler               
00002db7  UsageFault_Handler             
00002db7  WDT_A_IRQHandler               
00002db9  __TI_zero_init                 
00002dc5  _system_pre_init               
00002e44  __TI_Handler_Table_Base        
00002e50  __TI_Handler_Table_Limit       
00002e58  __TI_CINIT_Base                
00002e68  __TI_CINIT_Limit               
20000000  x                              
20001000  x2                             
20002000  x3                             
20003000  __CIOBUF_                      
20003120  __TI_tmpnams                   
200031c0  Messageb                       
200031c8  parmbuf                        
200031d0  ADCflag                        
200031d4  I1                             
200031d8  LPFSum                         
200031dc  LPFSum2                        
200031e0  LPFSum3                        
200031e4  Messageindexb                  
200031e8  Pt                             
200031ec  Pt2                            
200031f0  Pt3                            
200031f4  Size                           
200031f8  TimerA1Task                    
200031fc  nc                             
20003200  nl                             
20003204  nr                             
20003208  _sys_memory                    
20003608  _ftable                        
200036f8  _device                        
20003770  _stream                        
200037c0  ClockFrequency                 
200037c4  Prewait                        
200037c8  CPMwait                        
200037cc  Postwait                       
200037d0  IFlags                         
200037d4  Crystalstable                  
200037d8  __TI_ft_end                    
200037dc  __aeabi_stdin                  
200037e0  __aeabi_stdout                 
200037e4  __aeabi_stderr                 
200037e8  __TI_cleanup_ptr               
200037ec  __TI_dtors_ptr                 
200037f0  __TI_enable_exit_profile_output
20003800  _lock                          
20003804  _unlock                        
2000380c  errno                          
20003818  main_func_sp                   
2000381c  SystemCoreClock                
2000fe00  __stack                        
20010000  __STACK_END                    
4000480c  WDTCTL_SYM                     
ffffffff  __TI_pprof_out_hndl            
ffffffff  __TI_prof_data_size            
ffffffff  __TI_prof_data_start           
ffffffff  __binit__                      
ffffffff  __c_args__                     
ffffffff  binit                          
UNDEFED   SHT$$INIT_ARRAY$$Base          
UNDEFED   SHT$$INIT_ARRAY$$Limit         

[253 symbols]
