******************************************************************************
                  TI ARM Linker PC v16.9.6                     
******************************************************************************
>> Linked Wed Oct 30 16:28:47 2019

OUTPUT FILE NAME:   <Lab5_UARTComms.out>
ENTRY POINT SYMBOL: "_c_int00"  address: 00003fd9


MEMORY CONFIGURATION

         name            origin    length      used     unused   attr    fill
----------------------  --------  ---------  --------  --------  ----  --------
  MAIN                  00000000   00040000  000043bc  0003bc44  R  X
  INFO                  00200000   00004000  00000000  00004000  R  X
  SRAM_CODE             01000000   00010000  00003da8  0000c258  RW X
  SRAM_DATA             20000000   00010000  00003da8  0000c258  RW  


SEGMENT ALLOCATION MAP

run origin  load origin   length   init length attrs members
----------  ----------- ---------- ----------- ----- -------
00000000    00000000    000043c0   000043c0    r-x
  00000000    00000000    000000e4   000000e4    r-- .intvecs
  000000e4    000000e4    00004210   00004210    r-x .text
  000042f4    000042f4    00000020   00000020    r-- .const
  00004318    00004318    000000a8   000000a8    r-- .cinit
20000000    20000000    00003bac   00000000    rw-
  20000000    20000000    00003584   00000000    rw- .bss
  20003588    20003588    00000400   00000000    rw- .sysmem
  20003988    20003988    00000224   00000000    rw- .data
2000fe00    2000fe00    00000200   00000000    rw-
  2000fe00    2000fe00    00000200   00000000    rw- .stack


SECTION ALLOCATION MAP

 output                                  attributes/
section   page    origin      length       input sections
--------  ----  ----------  ----------   ----------------
.intvecs   0    00000000    000000e4     
                  00000000    000000e4     startup_msp432p401r_ccs.obj (.intvecs:retain)

.binit     0    00000000    00000000     

.text      0    000000e4    00004210     
                  000000e4    00000c40     Lab5_UARTmain.obj (.text)
                  00000d24    000006dc     UART0.obj (.text)
                  00001400    000005ba     EUSCIA0.obj (.text)
                  000019ba    00000002     rtsv7M4_T_le_v4SPD16_eabi.lib : mpu_init.obj (.text)
                  000019bc    000003d0                                   : memory.obj (.text)
                  00001d8c    0000032c     system_msp432p401r.obj (.text)
                  000020b8    00000308     LPF.obj (.text)
                  000023c0    0000028c     BumpInt.obj (.text)
                  0000264c    00000260     ADC14.obj (.text)
                  000028ac    00000228     PWM.obj (.text)
                  00002ad4    00000210     FIFO0.obj (.text)
                  00002ce4    000001e0     Clock.obj (.text)
                  00002ec4    000001e0     Reflectance.obj (.text)
                  000030a4    000001c4     rtsv7M4_T_le_v4SPD16_eabi.lib : fopen.obj (.text)
                  00003268    00000188     Motor.obj (.text)
                  000033f0    00000128     TA3InputCapture.obj (.text)
                  00003518    000000f4     LaunchPad.obj (.text)
                  0000360c    000000dc     rtsv7M4_T_le_v4SPD16_eabi.lib : setvbuf.obj (.text)
                  000036e8    000000c8                                   : fflush.obj (.text)
                  000037b0    000000bc                                   : open.obj (.text)
                  0000386c    000000b8                                   : add_device.obj (.text)
                  00003924    000000a8     TimerA1.obj (.text)
                  000039cc    0000009c     rtsv7M4_T_le_v4SPD16_eabi.lib : memcpy_t2.obj (.text)
                  00003a68    00000098                                   : fclose.obj (.text)
                  00003b00    0000007a                                   : memset_t2.obj (.text)
                  00003b7a    00000002                                   : startup.obj (.text)
                  00003b7c    00000070     IRDistance.obj (.text)
                  00003bec    00000070     rtsv7M4_T_le_v4SPD16_eabi.lib : autoinit.obj (.text)
                  00003c5c    00000070                                   : getdevice.obj (.text)
                  00003ccc    00000068                                   : copy_decompress_lzss.obj (.text:decompress:lzss)
                  00003d34    00000068                                   : hostlseek.obj (.text)
                  00003d9c    00000068                                   : hostrename.obj (.text)
                  00003e04    00000068                                   : trgmsg.obj (.text)
                  00003e6c    00000060                                   : hostopen.obj (.text)
                  00003ecc    0000005c                                   : close.obj (.text)
                  00003f28    00000058                                   : hostread.obj (.text)
                  00003f80    00000058                                   : hostwrite.obj (.text)
                  00003fd8    00000054                                   : boot.obj (.text)
                  0000402c    00000054                                   : exit.obj (.text)
                  00004080    0000004c                                   : cpy_tbl.obj (.text)
                  000040cc    00000044                                   : hostclose.obj (.text)
                  00004110    00000044                                   : hostunlink.obj (.text)
                  00004154    00000040     SysTickInts.obj (.text)
                  00004194    00000036     rtsv7M4_T_le_v4SPD16_eabi.lib : strncpy.obj (.text)
                  000041ca    00000002     --HOLE-- [fill = 0]
                  000041cc    0000002c                                   : unlink.obj (.text)
                  000041f8    00000028                                   : write.obj (.text)
                  00004220    00000024     CortexM.obj (.text)
                  00004244    00000018     rtsv7M4_T_le_v4SPD16_eabi.lib : args_main.obj (.text)
                  0000425c    00000018                                   : strcmp.obj (.text)
                  00004274    00000016                                   : strchr.obj (.text)
                  0000428a    00000002     --HOLE-- [fill = 0]
                  0000428c    00000014                                   : _lock.obj (.text)
                  000042a0    00000014                                   : strcpy.obj (.text)
                  000042b4    00000014                                   : strlen.obj (.text)
                  000042c8    0000000e                                   : copy_decompress_none.obj (.text:decompress:none)
                  000042d6    0000000e     startup_msp432p401r_ccs.obj (.text)
                  000042e4    0000000c     rtsv7M4_T_le_v4SPD16_eabi.lib : copy_zero_init.obj (.text:decompress:ZI)
                  000042f0    00000004                                   : pre_init.obj (.text)

.const     0    000042f4    00000020     
                  000042f4    00000020     Reflectance.obj (.const:$P$T0$1)

.cinit     0    00004318    000000a8     
                  00004318    00000080     (.cinit..data.load) [load image, compression = lzss]
                  00004398    0000000c     (__TI_handler_table)
                  000043a4    00000004     --HOLE-- [fill = 0]
                  000043a8    00000008     (.cinit..bss.load) [load image, compression = zero_init]
                  000043b0    00000010     (__TI_cinit_table)

.init_array 
*          0    00000000    00000000     UNINITIALIZED

.bss       0    20000000    00003584     UNINITIALIZED
                  20000000    00001000     (.common:x)
                  20001000    00001000     (.common:x2)
                  20002000    00001000     (.common:x3)
                  20003000    00000200     (.common:TxHistogram)
                  20003200    00000120     rtsv7M4_T_le_v4SPD16_eabi.lib : trgmsg.obj (.bss:_CIOBUF_)
                  20003320    000000a0     (.common:__TI_tmpnams)
                  200033c0    00000082     (.common:RxFifo0)
                  20003442    00000082     (.common:TxFifo0)
                  200034c4    00000040     (.common:String)
                  20003504    00000008     (.common:Messageb)
                  2000350c    00000008     (.common:Messagec)
                  20003514    00000008     (.common:parmbuf)
                  2000351c    00000004     (.common:ADCflag)
                  20003520    00000004     (.common:Done0)
                  20003524    00000004     (.common:Done2)
                  20003528    00000004     (.common:Elapsed)
                  2000352c    00000004     (.common:First)
                  20003530    00000004     (.common:I1)
                  20003534    00000004     (.common:LPFSum)
                  20003538    00000004     (.common:LPFSum2)
                  2000353c    00000004     (.common:LPFSum3)
                  20003540    00000004     (.common:MaxTime)
                  20003544    00000004     (.common:Messageindexb)
                  20003548    00000004     (.common:Messageindexc)
                  2000354c    00000004     (.common:NumErrors)
                  20003550    00000004     (.common:NumSuccess)
                  20003554    00000004     (.common:Port4Task)
                  20003558    00000004     (.common:Pt)
                  2000355c    00000004     (.common:Pt2)
                  20003560    00000004     (.common:Pt3)
                  20003564    00000004     (.common:Size)
                  20003568    00000004     (.common:TimerA1Task)
                  2000356c    00000004     (.common:nc)
                  20003570    00000004     (.common:nl)
                  20003574    00000004     (.common:nr)
                  20003578    00000002     (.common:First0)
                  2000357a    00000002     (.common:First2)
                  2000357c    00000002     (.common:Period0)
                  2000357e    00000002     (.common:Period2)
                  20003580    00000001     (.common:CollisionData)
                  20003581    00000001     (.common:CollisionFlag)
                  20003582    00000001     (.common:ReadData)
                  20003583    00000001     (.common:WriteData)

.sysmem    0    20003588    00000400     UNINITIALIZED
                  20003588    00000008     rtsv7M4_T_le_v4SPD16_eabi.lib : memory.obj (.sysmem)
                  20003590    000003f8     --HOLE--

.data      0    20003988    00000224     UNINITIALIZED
                  20003988    000000f0     rtsv7M4_T_le_v4SPD16_eabi.lib : defs.obj (.data:_ftable)
                  20003a78    00000078                                   : write.obj (.data:_device)
                  20003af0    00000050                                   : write.obj (.data:_stream)
                  20003b40    00000018     Clock.obj (.data)
                  20003b58    00000010     rtsv7M4_T_le_v4SPD16_eabi.lib : defs.obj (.data)
                  20003b68    0000000c                                   : exit.obj (.data:$O1$$)
                  20003b74    0000000c                                   : memory.obj (.data:$O1$$)
                  20003b80    00000008                                   : _lock.obj (.data:$O1$$)
                  20003b88    00000008     Lab5_UARTmain.obj (.data)
                  20003b90    00000008     TA3InputCapture.obj (.data)
                  20003b98    00000004     rtsv7M4_T_le_v4SPD16_eabi.lib : add_device.obj (.data)
                  20003b9c    00000004                                   : fopen.obj (.data)
                  20003ba0    00000004                                   : open.obj (.data)
                  20003ba4    00000004                                   : stkdepth_vars.obj (.data)
                  20003ba8    00000004     system_msp432p401r.obj (.data)

.stack     0    2000fe00    00000200     UNINITIALIZED
                  2000fe00    00000200     --HOLE--

MODULE SUMMARY

       Module                        code    ro data   rw data
       ------                        ----    -------   -------
    .\
       LPF.obj                       776     0         24640  
       Lab5_UARTmain.obj             3136    0         256    
       FIFO0.obj                     528     0         1544   
       UART0.obj                     1756    0         24     
       EUSCIA0.obj                   1466    0         24     
       system_msp432p401r.obj        812     0         8      
       BumpInt.obj                   652     0         8      
       ADC14.obj                     608     0         0      
       PWM.obj                       552     0         0      
       Clock.obj                     480     0         48     
       Reflectance.obj               480     32        0      
       Motor.obj                     392     0         0      
       TA3InputCapture.obj           296     0         16     
       LaunchPad.obj                 244     0         0      
       startup_msp432p401r_ccs.obj   14      228       0      
       TimerA1.obj                   168     0         8      
       IRDistance.obj                112     0         0      
       SysTickInts.obj               64      0         0      
       CortexM.obj                   36      0         0      
    +--+-----------------------------+-------+---------+---------+
       Total:                        12572   260       26576  
                                                              
    C:\ti\ccsv7\tools\compiler\ti-cgt-arm_16.9.6.LTS\lib\rtsv7M4_T_le_v4SPD16_eabi.lib
       memory.obj                    976     0         24     
       defs.obj                      0       0         832    
       trgmsg.obj                    104     0         576    
       fopen.obj                     452     0         8      
       write.obj                     40      0         400    
       setvbuf.obj                   220     0         0      
       fflush.obj                    200     0         0      
       open.obj                      188     0         8      
       add_device.obj                184     0         8      
       memcpy_t2.obj                 156     0         0      
       fclose.obj                    152     0         0      
       memset_t2.obj                 122     0         0      
       autoinit.obj                  112     0         0      
       getdevice.obj                 112     0         0      
       hostopen.obj                  96      0         16     
       exit.obj                      84      0         24     
       copy_decompress_lzss.obj      104     0         0      
       hostlseek.obj                 104     0         0      
       hostrename.obj                104     0         0      
       close.obj                     92      0         0      
       hostread.obj                  88      0         0      
       hostwrite.obj                 88      0         0      
       boot.obj                      84      0         0      
       cpy_tbl.obj                   76      0         0      
       hostclose.obj                 68      0         0      
       hostunlink.obj                68      0         0      
       strncpy.obj                   54      0         0      
       unlink.obj                    44      0         0      
       _lock.obj                     20      0         16     
       args_main.obj                 24      0         0      
       strcmp.obj                    24      0         0      
       strchr.obj                    22      0         0      
       strcpy.obj                    20      0         0      
       strlen.obj                    20      0         0      
       copy_decompress_none.obj      14      0         0      
       copy_zero_init.obj            12      0         0      
       stkdepth_vars.obj             0       0         8      
       pre_init.obj                  4       0         0      
       mpu_init.obj                  2       0         0      
       startup.obj                   2       0         0      
    +--+-----------------------------+-------+---------+---------+
       Total:                        4336    0         1920   
                                                              
       Heap:                         0       0         2048   
       Stack:                        0       0         1024   
       Linker Generated:             0       164       0      
    +--+-----------------------------+-------+---------+---------+
       Grand Total:                  16908   424       31568  


LINKER GENERATED COPY TABLES

__TI_cinit_table @ 000043b0 records: 2, size/record: 8, table size: 16
	.data: load addr=00004318, load size=00000080 bytes, run addr=20003988, run size=00000224 bytes, compression=lzss
	.bss: load addr=000043a8, load size=00000008 bytes, run addr=20000000, run size=00003584 bytes, compression=zero_init


LINKER GENERATED HANDLER TABLE

__TI_handler_table @ 00004398 records: 3, size/record: 4, table size: 12
	index: 0, handler: __TI_decompress_lzss
	index: 1, handler: __TI_decompress_none
	index: 2, handler: __TI_zero_init


GLOBAL SYMBOLS: SORTED ALPHABETICALLY BY Name 

address   name                           
-------   ----                           
00002749  ADC0_InitSWTriggerCh12         
000027b9  ADC0_InitSWTriggerCh17_12_16   
0000264d  ADC0_InitSWTriggerCh6          
000026bd  ADC0_InitSWTriggerCh67         
000042e3  ADC14_IRQHandler               
00002799  ADC_In12                       
00002829  ADC_In17_12_16                 
0000269d  ADC_In6                        
00002713  ADC_In67                       
2000351c  ADCflag                        
000042e3  AES256_IRQHandler              
000023c1  BumpInt_Init                   
00002437  BumpInt_Stop                   
0000243f  Bump_Read                      
00000195  Bumper_Init                    
000042e3  BusFault_Handler               
0000402d  C$$EXIT                        
00003e33  C$$IO$$                        
000042e3  COMP_E0_IRQHandler             
000042e3  COMP_E1_IRQHandler             
20003b48  CPMwait                        
000042e3  CS_IRQHandler                  
20003b90  CaptureTask0                   
20003b94  CaptureTask2                   
00003ba1  CenterConvert                  
20003b40  ClockFrequency                 
00002e39  Clock_Delay1ms                 
00002e0f  Clock_Delay1us                 
00002dfb  Clock_GetFreq                  
00002ce5  Clock_Init48MHz                
20003580  CollisionData                  
20003581  CollisionFlag                  
20003b54  Crystalstable                  
000042e3  DMA_ERR_IRQHandler             
000042e3  DMA_INT0_IRQHandler            
000042e3  DMA_INT1_IRQHandler            
000042e3  DMA_INT2_IRQHandler            
000042e3  DMA_INT3_IRQHandler            
000042e3  DebugMon_Handler               
00000247  DecimalToBinary                
000042e3  Default_Handler                
00004221  DisableInterrupts              
20003520  Done0                          
20003524  Done2                          
00001493  EUSCIA0_IRQHandler             
00001493  EUSCIA0_IRQHandler             
00001467  EUSCIA0_InChar                 
00001931  EUSCIA0_InString               
000014e7  EUSCIA0_InUDec                 
000017e5  EUSCIA0_InUHex                 
00001401  EUSCIA0_Init                   
00001479  EUSCIA0_OutChar                
000014c9  EUSCIA0_OutString              
0000156b  EUSCIA0_OutUDec                
000016fd  EUSCIA0_OutUDec4               
00001735  EUSCIA0_OutUDec5               
00001771  EUSCIA0_OutUFix1               
00001799  EUSCIA0_OutUFix2               
000018ad  EUSCIA0_OutUHex                
00001913  EUSCIA0_OutUHex2               
000018f1  EUSCIA0outnibble               
000042e3  EUSCIA1_IRQHandler             
000042e3  EUSCIA2_IRQHandler             
000042e3  EUSCIA3_IRQHandler             
000042e3  EUSCIB0_IRQHandler             
000042e3  EUSCIB1_IRQHandler             
000042e3  EUSCIB2_IRQHandler             
000042e3  EUSCIB3_IRQHandler             
20003528  Elapsed                        
00004227  EnableInterrupts               
00004237  EndCritical                    
000042e3  FLCTL_IRQHandler               
000042e3  FPU_IRQHandler                 
2000352c  First                          
20003578  First0                         
2000357a  First2                         
000040cd  HOSTclose                      
00003d35  HOSTlseek                      
00003e6d  HOSTopen                       
00003f29  HOSTread                       
00003d9d  HOSTrename                     
00004111  HOSTunlink                     
00003f81  HOSTwrite                      
00000171  HandleCollision                
000042e3  HardFault_Handler              
20003530  I1                             
20003b50  IFlags                         
000001ff  IRSensor_Init                  
20003534  LPFSum                         
20003538  LPFSum2                        
2000353c  LPFSum3                        
000021cd  LPF_Calc                       
00002275  LPF_Calc2                      
00002339  LPF_Calc3                      
0000210d  LPF_Calc_old                   
0000216f  LPF_Init                       
00002221  LPF_Init2                      
000022d7  LPF_Init3                      
000020b9  LPF_Init_old                   
00003519  LaunchPad_Init                 
00003589  LaunchPad_Input                
000035a3  LaunchPad_LED                  
000035c1  LaunchPad_Output               
00003b7d  LeftConvert                    
20003540  MaxTime                        
000042e3  MemManage_Handler              
20003504  Messageb                       
2000350c  Messagec                       
20003544  Messageindexb                  
20003548  Messageindexc                  
00000141  MotorMovt                      
000033a1  Motor_Backward                 
000032fd  Motor_Forward                  
00003269  Motor_Init                     
00003367  Motor_Left                     
0000332d  Motor_Right                    
000032d9  Motor_Stop                     
000042e3  NMI_Handler                    
2000354c  NumErrors                      
20003550  NumSuccess                     
000042e3  PCM_IRQHandler                 
000042e3  PORT1_IRQHandler               
000042e3  PORT2_IRQHandler               
000042e3  PORT3_IRQHandler               
0000248f  PORT4_IRQHandler               
0000248f  PORT4_IRQHandler               
000042e3  PORT5_IRQHandler               
000042e3  PORT6_IRQHandler               
000042e3  PSS_IRQHandler                 
00002997  PWM_Duty1                      
000029b7  PWM_Duty2                      
00002a5b  PWM_Duty3                      
00002a7b  PWM_Duty4                      
000028ad  PWM_Init1                      
00002913  PWM_Init12                     
000029d7  PWM_Init34                     
000042e3  PendSV_Handler                 
2000357c  Period0                        
2000357e  Period2                        
000002cd  PeriodMeasure0                 
00000305  PeriodMeasure2                 
20003554  Port4Task                      
00002ed1  Port5_Init                     
00002eeb  Port7_Init                     
00002f0d  Port7_Input                    
00002eff  Port7_Output                   
20003b4c  Postwait                       
20003b44  Prewait                        
00000389  Program5_1                     
00000425  Program5_2                     
000004f1  Program5_3                     
000005f9  Program5_4                     
20003558  Pt                             
2000355c  Pt2                            
20003560  Pt3                            
000006f1  RSLK_Reset                     
000042e3  RTC_C_IRQHandler               
000000e5  Random                         
20003582  ReadData                       
00002f47  Reflectance_Center             
0000305d  Reflectance_End                
00002ec5  Reflectance_Init               
00002f7d  Reflectance_Position           
00002f15  Reflectance_Read               
00003041  Reflectance_Start              
000042d7  Reset_Handler                  
00003bc5  RightConvert                   
200033c0  RxFifo0                        
00002c4f  RxFifo0_Get                    
00002bf5  RxFifo0_Init                   
00002c01  RxFifo0_Put                    
00002c8d  RxFifo0_Size                   
UNDEFED   SHT$$INIT_ARRAY$$Base          
UNDEFED   SHT$$INIT_ARRAY$$Limit         
000042e3  SVC_Handler                    
000001af  SensorRead_ISR                 
20003564  Size                           
0000422d  StartCritical                  
200034c4  String                         
000042e3  SysTick_Handler                
00004155  SysTick_Init                   
20003ba8  SystemCoreClock                
00001d8d  SystemCoreClockUpdate          
00002001  SystemInit                     
000042e3  T32_INT1_IRQHandler            
000042e3  T32_INT2_IRQHandler            
000042e3  T32_INTC_IRQHandler            
000042e3  TA0_0_IRQHandler               
000042e3  TA0_N_IRQHandler               
00003997  TA1_0_IRQHandler               
00003997  TA1_0_IRQHandler               
000042e3  TA1_N_IRQHandler               
000042e3  TA2_0_IRQHandler               
000042e3  TA2_N_IRQHandler               
0000349f  TA3_0_IRQHandler               
0000349f  TA3_0_IRQHandler               
000034b9  TA3_N_IRQHandler               
000034b9  TA3_N_IRQHandler               
00000349  Tachometer_Init                
000000fd  TestFifo                       
00000151  TimedPause                     
20003568  TimerA1Task                    
00003925  TimerA1_Init                   
00003983  TimerA1_Stop                   
000033fd  TimerA3Capture_Init            
20003442  TxFifo0                        
00002b61  TxFifo0_Get                    
00002ad5  TxFifo0_Init                   
00002b07  TxFifo0_Put                    
00002b9f  TxFifo0_Size                   
20003000  TxHistogram                    
00000d6b  UART0_InChar                   
00001211  UART0_InString                 
00000db5  UART0_InUDec                   
000010c5  UART0_InUHex                   
00000d25  UART0_Init                     
00001373  UART0_Initprintf               
00000d7b  UART0_OutChar                  
00000d97  UART0_OutString                
00000e69  UART0_OutUBin                  
00000e39  UART0_OutUDec                  
00000fc9  UART0_OutUDec4                 
00001021  UART0_OutUDec5                 
00001053  UART0_OutUFix1                 
0000107b  UART0_OutUFix2                 
00001189  UART0_OutUHex                  
000011f5  UART0_OutUHex2                 
000042e3  UsageFault_Handler             
4000480c  WDTCTL_SYM                     
000042e3  WDT_A_IRQHandler               
0000423f  WaitForInterrupt               
20003583  WriteData                      
20003200  __CIOBUF_                      
20010000  __STACK_END                    
00000200  __STACK_SIZE                   
00000400  __SYSMEM_SIZE                  
000043b0  __TI_CINIT_Base                
000043c0  __TI_CINIT_Limit               
00004398  __TI_Handler_Table_Base        
000043a4  __TI_Handler_Table_Limit       
00003bed  __TI_auto_init                 
0000316d  __TI_cleanup                   
20003b68  __TI_cleanup_ptr               
00003a69  __TI_closefile                 
00003ccd  __TI_decompress_lzss           
000042c9  __TI_decompress_none           
000036e9  __TI_doflush                   
20003b6c  __TI_dtors_ptr                 
20003b70  __TI_enable_exit_profile_output
20003b58  __TI_ft_end                    
ffffffff  __TI_pprof_out_hndl            
ffffffff  __TI_prof_data_size            
ffffffff  __TI_prof_data_start           
00003e37  __TI_readmsg                   
00000000  __TI_static_base__             
20003320  __TI_tmpnams                   
00003e05  __TI_writemsg                  
000042e5  __TI_zero_init                 
00003b01  __aeabi_memclr                 
00003b01  __aeabi_memclr4                
00003b01  __aeabi_memclr8                
000039cd  __aeabi_memcpy                 
000039cd  __aeabi_memcpy4                
000039cd  __aeabi_memcpy8                
00003b03  __aeabi_memset                 
00003b03  __aeabi_memset4                
00003b03  __aeabi_memset8                
20003b64  __aeabi_stderr                 
20003b5c  __aeabi_stdin                  
20003b60  __aeabi_stdout                 
ffffffff  __binit__                      
ffffffff  __c_args__                     
000019bb  __mpu_init                     
2000fe00  __stack                        
00004245  _args_main                     
00003fd9  _c_int00                       
20003a78  _device                        
20003988  _ftable                        
20003b80  _lock                          
0000429b  _nop                           
00004293  _register_lock                 
0000428d  _register_unlock               
20003af0  _stream                        
20003588  _sys_memory                    
00003b7b  _system_post_cinit             
000042f1  _system_pre_init               
20003b84  _unlock                        
00004031  abort                          
0000386d  add_device                     
ffffffff  binit                          
00001d5d  calloc                         
00003ecd  close                          
00004081  copy_in                        
00002e01  delay                          
00004039  exit                           
00003acf  fclose                         
000012ab  ferror                         
00003735  fflush                         
0000128b  fgetc                          
00003c5d  finddevice                     
000031c3  fopen                          
00001aa7  free                           
00003199  freopen                        
00003c87  getdevice                      
00003011  int_to_int                     
00000000  interruptVectors               
000007c9  main                           
20003b88  main_count                     
20003ba4  main_func_sp                   
00001a3d  malloc                         
00001c71  memalign                       
000039cd  memcpy                         
00003b09  memset                         
000019bd  minit                          
2000356c  nc                             
20003570  nl                             
20003574  nr                             
000037b1  open                           
000011cd  outnibble                      
20003514  parmbuf                        
00001b67  realloc                        
000041cd  remove                         
0000360d  setvbuf                        
00004275  strchr                         
0000425d  strcmp                         
000042a1  strcpy                         
000042b5  strlen                         
00004195  strncpy                        
000033f1  ta3dummy                       
0000033d  toggle_GPIO                    
000012c9  uart_close                     
00001349  uart_lseek                     
000012b9  uart_open                      
000012d5  uart_read                      
00001365  uart_rename                    
00001359  uart_unlink                    
00001307  uart_write                     
000041cd  unlink                         
000041f9  write                          
20000000  x                              
20001000  x2                             
20002000  x3                             


GLOBAL SYMBOLS: SORTED BY Symbol Address 

address   name                           
-------   ----                           
00000000  __TI_static_base__             
00000000  interruptVectors               
000000e5  Random                         
000000fd  TestFifo                       
00000141  MotorMovt                      
00000151  TimedPause                     
00000171  HandleCollision                
00000195  Bumper_Init                    
000001af  SensorRead_ISR                 
000001ff  IRSensor_Init                  
00000200  __STACK_SIZE                   
00000247  DecimalToBinary                
000002cd  PeriodMeasure0                 
00000305  PeriodMeasure2                 
0000033d  toggle_GPIO                    
00000349  Tachometer_Init                
00000389  Program5_1                     
00000400  __SYSMEM_SIZE                  
00000425  Program5_2                     
000004f1  Program5_3                     
000005f9  Program5_4                     
000006f1  RSLK_Reset                     
000007c9  main                           
00000d25  UART0_Init                     
00000d6b  UART0_InChar                   
00000d7b  UART0_OutChar                  
00000d97  UART0_OutString                
00000db5  UART0_InUDec                   
00000e39  UART0_OutUDec                  
00000e69  UART0_OutUBin                  
00000fc9  UART0_OutUDec4                 
00001021  UART0_OutUDec5                 
00001053  UART0_OutUFix1                 
0000107b  UART0_OutUFix2                 
000010c5  UART0_InUHex                   
00001189  UART0_OutUHex                  
000011cd  outnibble                      
000011f5  UART0_OutUHex2                 
00001211  UART0_InString                 
0000128b  fgetc                          
000012ab  ferror                         
000012b9  uart_open                      
000012c9  uart_close                     
000012d5  uart_read                      
00001307  uart_write                     
00001349  uart_lseek                     
00001359  uart_unlink                    
00001365  uart_rename                    
00001373  UART0_Initprintf               
00001401  EUSCIA0_Init                   
00001467  EUSCIA0_InChar                 
00001479  EUSCIA0_OutChar                
00001493  EUSCIA0_IRQHandler             
00001493  EUSCIA0_IRQHandler             
000014c9  EUSCIA0_OutString              
000014e7  EUSCIA0_InUDec                 
0000156b  EUSCIA0_OutUDec                
000016fd  EUSCIA0_OutUDec4               
00001735  EUSCIA0_OutUDec5               
00001771  EUSCIA0_OutUFix1               
00001799  EUSCIA0_OutUFix2               
000017e5  EUSCIA0_InUHex                 
000018ad  EUSCIA0_OutUHex                
000018f1  EUSCIA0outnibble               
00001913  EUSCIA0_OutUHex2               
00001931  EUSCIA0_InString               
000019bb  __mpu_init                     
000019bd  minit                          
00001a3d  malloc                         
00001aa7  free                           
00001b67  realloc                        
00001c71  memalign                       
00001d5d  calloc                         
00001d8d  SystemCoreClockUpdate          
00002001  SystemInit                     
000020b9  LPF_Init_old                   
0000210d  LPF_Calc_old                   
0000216f  LPF_Init                       
000021cd  LPF_Calc                       
00002221  LPF_Init2                      
00002275  LPF_Calc2                      
000022d7  LPF_Init3                      
00002339  LPF_Calc3                      
000023c1  BumpInt_Init                   
00002437  BumpInt_Stop                   
0000243f  Bump_Read                      
0000248f  PORT4_IRQHandler               
0000248f  PORT4_IRQHandler               
0000264d  ADC0_InitSWTriggerCh6          
0000269d  ADC_In6                        
000026bd  ADC0_InitSWTriggerCh67         
00002713  ADC_In67                       
00002749  ADC0_InitSWTriggerCh12         
00002799  ADC_In12                       
000027b9  ADC0_InitSWTriggerCh17_12_16   
00002829  ADC_In17_12_16                 
000028ad  PWM_Init1                      
00002913  PWM_Init12                     
00002997  PWM_Duty1                      
000029b7  PWM_Duty2                      
000029d7  PWM_Init34                     
00002a5b  PWM_Duty3                      
00002a7b  PWM_Duty4                      
00002ad5  TxFifo0_Init                   
00002b07  TxFifo0_Put                    
00002b61  TxFifo0_Get                    
00002b9f  TxFifo0_Size                   
00002bf5  RxFifo0_Init                   
00002c01  RxFifo0_Put                    
00002c4f  RxFifo0_Get                    
00002c8d  RxFifo0_Size                   
00002ce5  Clock_Init48MHz                
00002dfb  Clock_GetFreq                  
00002e01  delay                          
00002e0f  Clock_Delay1us                 
00002e39  Clock_Delay1ms                 
00002ec5  Reflectance_Init               
00002ed1  Port5_Init                     
00002eeb  Port7_Init                     
00002eff  Port7_Output                   
00002f0d  Port7_Input                    
00002f15  Reflectance_Read               
00002f47  Reflectance_Center             
00002f7d  Reflectance_Position           
00003011  int_to_int                     
00003041  Reflectance_Start              
0000305d  Reflectance_End                
0000316d  __TI_cleanup                   
00003199  freopen                        
000031c3  fopen                          
00003269  Motor_Init                     
000032d9  Motor_Stop                     
000032fd  Motor_Forward                  
0000332d  Motor_Right                    
00003367  Motor_Left                     
000033a1  Motor_Backward                 
000033f1  ta3dummy                       
000033fd  TimerA3Capture_Init            
0000349f  TA3_0_IRQHandler               
0000349f  TA3_0_IRQHandler               
000034b9  TA3_N_IRQHandler               
000034b9  TA3_N_IRQHandler               
00003519  LaunchPad_Init                 
00003589  LaunchPad_Input                
000035a3  LaunchPad_LED                  
000035c1  LaunchPad_Output               
0000360d  setvbuf                        
000036e9  __TI_doflush                   
00003735  fflush                         
000037b1  open                           
0000386d  add_device                     
00003925  TimerA1_Init                   
00003983  TimerA1_Stop                   
00003997  TA1_0_IRQHandler               
00003997  TA1_0_IRQHandler               
000039cd  __aeabi_memcpy                 
000039cd  __aeabi_memcpy4                
000039cd  __aeabi_memcpy8                
000039cd  memcpy                         
00003a69  __TI_closefile                 
00003acf  fclose                         
00003b01  __aeabi_memclr                 
00003b01  __aeabi_memclr4                
00003b01  __aeabi_memclr8                
00003b03  __aeabi_memset                 
00003b03  __aeabi_memset4                
00003b03  __aeabi_memset8                
00003b09  memset                         
00003b7b  _system_post_cinit             
00003b7d  LeftConvert                    
00003ba1  CenterConvert                  
00003bc5  RightConvert                   
00003bed  __TI_auto_init                 
00003c5d  finddevice                     
00003c87  getdevice                      
00003ccd  __TI_decompress_lzss           
00003d35  HOSTlseek                      
00003d9d  HOSTrename                     
00003e05  __TI_writemsg                  
00003e33  C$$IO$$                        
00003e37  __TI_readmsg                   
00003e6d  HOSTopen                       
00003ecd  close                          
00003f29  HOSTread                       
00003f81  HOSTwrite                      
00003fd9  _c_int00                       
0000402d  C$$EXIT                        
00004031  abort                          
00004039  exit                           
00004081  copy_in                        
000040cd  HOSTclose                      
00004111  HOSTunlink                     
00004155  SysTick_Init                   
00004195  strncpy                        
000041cd  remove                         
000041cd  unlink                         
000041f9  write                          
00004221  DisableInterrupts              
00004227  EnableInterrupts               
0000422d  StartCritical                  
00004237  EndCritical                    
0000423f  WaitForInterrupt               
00004245  _args_main                     
0000425d  strcmp                         
00004275  strchr                         
0000428d  _register_unlock               
00004293  _register_lock                 
0000429b  _nop                           
000042a1  strcpy                         
000042b5  strlen                         
000042c9  __TI_decompress_none           
000042d7  Reset_Handler                  
000042e3  ADC14_IRQHandler               
000042e3  AES256_IRQHandler              
000042e3  BusFault_Handler               
000042e3  COMP_E0_IRQHandler             
000042e3  COMP_E1_IRQHandler             
000042e3  CS_IRQHandler                  
000042e3  DMA_ERR_IRQHandler             
000042e3  DMA_INT0_IRQHandler            
000042e3  DMA_INT1_IRQHandler            
000042e3  DMA_INT2_IRQHandler            
000042e3  DMA_INT3_IRQHandler            
000042e3  DebugMon_Handler               
000042e3  Default_Handler                
000042e3  EUSCIA1_IRQHandler             
000042e3  EUSCIA2_IRQHandler             
000042e3  EUSCIA3_IRQHandler             
000042e3  EUSCIB0_IRQHandler             
000042e3  EUSCIB1_IRQHandler             
000042e3  EUSCIB2_IRQHandler             
000042e3  EUSCIB3_IRQHandler             
000042e3  FLCTL_IRQHandler               
000042e3  FPU_IRQHandler                 
000042e3  HardFault_Handler              
000042e3  MemManage_Handler              
000042e3  NMI_Handler                    
000042e3  PCM_IRQHandler                 
000042e3  PORT1_IRQHandler               
000042e3  PORT2_IRQHandler               
000042e3  PORT3_IRQHandler               
000042e3  PORT5_IRQHandler               
000042e3  PORT6_IRQHandler               
000042e3  PSS_IRQHandler                 
000042e3  PendSV_Handler                 
000042e3  RTC_C_IRQHandler               
000042e3  SVC_Handler                    
000042e3  SysTick_Handler                
000042e3  T32_INT1_IRQHandler            
000042e3  T32_INT2_IRQHandler            
000042e3  T32_INTC_IRQHandler            
000042e3  TA0_0_IRQHandler               
000042e3  TA0_N_IRQHandler               
000042e3  TA1_N_IRQHandler               
000042e3  TA2_0_IRQHandler               
000042e3  TA2_N_IRQHandler               
000042e3  UsageFault_Handler             
000042e3  WDT_A_IRQHandler               
000042e5  __TI_zero_init                 
000042f1  _system_pre_init               
00004398  __TI_Handler_Table_Base        
000043a4  __TI_Handler_Table_Limit       
000043b0  __TI_CINIT_Base                
000043c0  __TI_CINIT_Limit               
20000000  x                              
20001000  x2                             
20002000  x3                             
20003000  TxHistogram                    
20003200  __CIOBUF_                      
20003320  __TI_tmpnams                   
200033c0  RxFifo0                        
20003442  TxFifo0                        
200034c4  String                         
20003504  Messageb                       
2000350c  Messagec                       
20003514  parmbuf                        
2000351c  ADCflag                        
20003520  Done0                          
20003524  Done2                          
20003528  Elapsed                        
2000352c  First                          
20003530  I1                             
20003534  LPFSum                         
20003538  LPFSum2                        
2000353c  LPFSum3                        
20003540  MaxTime                        
20003544  Messageindexb                  
20003548  Messageindexc                  
2000354c  NumErrors                      
20003550  NumSuccess                     
20003554  Port4Task                      
20003558  Pt                             
2000355c  Pt2                            
20003560  Pt3                            
20003564  Size                           
20003568  TimerA1Task                    
2000356c  nc                             
20003570  nl                             
20003574  nr                             
20003578  First0                         
2000357a  First2                         
2000357c  Period0                        
2000357e  Period2                        
20003580  CollisionData                  
20003581  CollisionFlag                  
20003582  ReadData                       
20003583  WriteData                      
20003588  _sys_memory                    
20003988  _ftable                        
20003a78  _device                        
20003af0  _stream                        
20003b40  ClockFrequency                 
20003b44  Prewait                        
20003b48  CPMwait                        
20003b4c  Postwait                       
20003b50  IFlags                         
20003b54  Crystalstable                  
20003b58  __TI_ft_end                    
20003b5c  __aeabi_stdin                  
20003b60  __aeabi_stdout                 
20003b64  __aeabi_stderr                 
20003b68  __TI_cleanup_ptr               
20003b6c  __TI_dtors_ptr                 
20003b70  __TI_enable_exit_profile_output
20003b80  _lock                          
20003b84  _unlock                        
20003b88  main_count                     
20003b90  CaptureTask0                   
20003b94  CaptureTask2                   
20003ba4  main_func_sp                   
20003ba8  SystemCoreClock                
2000fe00  __stack                        
20010000  __STACK_END                    
4000480c  WDTCTL_SYM                     
ffffffff  __TI_pprof_out_hndl            
ffffffff  __TI_prof_data_size            
ffffffff  __TI_prof_data_start           
ffffffff  __binit__                      
ffffffff  __c_args__                     
ffffffff  binit                          
UNDEFED   SHT$$INIT_ARRAY$$Base          
UNDEFED   SHT$$INIT_ARRAY$$Limit         

[342 symbols]
