******************************************************************************
                  TI ARM Linker PC v16.9.6                     
******************************************************************************
>> Linked Tue Oct 29 14:11:40 2019

OUTPUT FILE NAME:   <Lab3_TimerCompare_Motor.out>
ENTRY POINT SYMBOL: "_c_int00"  address: 000016dd


MEMORY CONFIGURATION

         name            origin    length      used     unused   attr    fill
----------------------  --------  ---------  --------  --------  ----  --------
  MAIN                  00000000   00040000  000018ae  0003e752  R  X
  INFO                  00200000   00004000  00000000  00004000  R  X
  SRAM_CODE             01000000   00010000  0000024b  0000fdb5  RW X
  SRAM_DATA             20000000   00010000  0000024b  0000fdb5  RW  


SEGMENT ALLOCATION MAP

run origin  load origin   length   init length attrs members
----------  ----------- ---------- ----------- ----- -------
00000000    00000000    000018b0   000018b0    r-x
  00000000    00000000    000000e4   000000e4    r-- .intvecs
  000000e4    000000e4    0000176a   0000176a    r-x .text
  00001850    00001850    00000020   00000020    r-- .const
  00001870    00001870    00000040   00000040    r-- .cinit
20000000    20000000    0000004e   00000000    rw-
  20000000    20000000    00000041   00000000    rw- .data
  20000044    20000044    0000000a   00000000    rw- .bss
2000fe00    2000fe00    00000200   00000000    rw-
  2000fe00    2000fe00    00000200   00000000    rw- .stack


SECTION ALLOCATION MAP

 output                                  attributes/
section   page    origin      length       input sections
--------  ----  ----------  ----------   ----------------
.intvecs   0    00000000    000000e4     
                  00000000    000000e4     startup_msp432p401r_ccs.obj (.intvecs:retain)

.binit     0    00000000    00000000     

.text      0    000000e4    0000176a     
                  000000e4    00000630     TExaS.obj (.text)
                  00000714    0000032c     system_msp432p401r.obj (.text)
                  00000a40    00000228     PWM.obj (.text)
                  00000c68    000001e0     Clock.obj (.text)
                  00000e48    000001e0     Reflectance.obj (.text)
                  00001028    00000188     Motor.obj (.text)
                  000011b0    00000104     Lab3_Timersmain.obj (.text)
                  000012b4    000000f4     LaunchPad.obj (.text)
                  000013a8    000000a8     TimerA1.obj (.text)
                  00001450    0000009c     Bump.obj (.text)
                  000014ec    0000009c     rtsv7M4_T_le_v4SPD16_eabi.lib : memcpy_t2.obj (.text)
                  00001588    0000007a                                   : memset_t2.obj (.text)
                  00001602    00000002                                   : mpu_init.obj (.text)
                  00001604    00000070                                   : autoinit.obj (.text)
                  00001674    00000068                                   : copy_decompress_lzss.obj (.text:decompress:lzss)
                  000016dc    00000054                                   : boot.obj (.text)
                  00001730    00000054                                   : exit.obj (.text)
                  00001784    0000004c                                   : cpy_tbl.obj (.text)
                  000017d0    00000024     CortexM.obj (.text)
                  000017f4    00000018     rtsv7M4_T_le_v4SPD16_eabi.lib : args_main.obj (.text)
                  0000180c    00000014                                   : _lock.obj (.text)
                  00001820    0000000e                                   : copy_decompress_none.obj (.text:decompress:none)
                  0000182e    0000000e     startup_msp432p401r_ccs.obj (.text)
                  0000183c    0000000c     rtsv7M4_T_le_v4SPD16_eabi.lib : copy_zero_init.obj (.text:decompress:ZI)
                  00001848    00000004                                   : pre_init.obj (.text)
                  0000184c    00000002                                   : startup.obj (.text)

.const     0    00001850    00000020     
                  00001850    00000020     Reflectance.obj (.const:$P$T0$1)

.cinit     0    00001870    00000040     
                  00001870    00000017     (.cinit..data.load) [load image, compression = lzss]
                  00001887    00000001     --HOLE-- [fill = 0]
                  00001888    0000000c     (__TI_handler_table)
                  00001894    00000004     --HOLE-- [fill = 0]
                  00001898    00000008     (.cinit..bss.load) [load image, compression = zero_init]
                  000018a0    00000010     (__TI_cinit_table)

.init_array 
*          0    00000000    00000000     UNINITIALIZED

.data      0    20000000    00000041     UNINITIALIZED
                  20000000    00000018     Clock.obj (.data)
                  20000018    0000000c     rtsv7M4_T_le_v4SPD16_eabi.lib : exit.obj (.data:$O1$$)
                  20000024    0000000c     TExaS.obj (.data)
                  20000030    00000008     rtsv7M4_T_le_v4SPD16_eabi.lib : _lock.obj (.data:$O1$$)
                  20000038    00000004                                   : stkdepth_vars.obj (.data)
                  2000003c    00000004     system_msp432p401r.obj (.data)
                  20000040    00000001     Lab3_Timersmain.obj (.data)

.bss       0    20000044    0000000a     UNINITIALIZED
                  20000044    00000004     (.common:PeriodicTask2)
                  20000048    00000004     (.common:TimerA1Task)
                  2000004c    00000001     (.common:LogicData)
                  2000004d    00000001     (.common:reflectance_data)

.stack     0    2000fe00    00000200     UNINITIALIZED
                  2000fe00    00000200     --HOLE--

MODULE SUMMARY

       Module                        code   ro data   rw data
       ------                        ----   -------   -------
    .\
       TExaS.obj                     1584   0         34     
       system_msp432p401r.obj        812    0         8      
       PWM.obj                       552    0         0      
       Clock.obj                     480    0         48     
       Reflectance.obj               480    32        0      
       Motor.obj                     392    0         0      
       Lab3_Timersmain.obj           260    0         4      
       LaunchPad.obj                 244    0         0      
       startup_msp432p401r_ccs.obj   14     228       0      
       TimerA1.obj                   168    0         8      
       Bump.obj                      156    0         0      
       CortexM.obj                   36     0         0      
    +--+-----------------------------+------+---------+---------+
       Total:                        5178   260       102    
                                                             
    C:\ti\ccsv7\tools\compiler\ti-cgt-arm_16.9.6.LTS\lib\rtsv7M4_T_le_v4SPD16_eabi.lib
       memcpy_t2.obj                 156    0         0      
       memset_t2.obj                 122    0         0      
       autoinit.obj                  112    0         0      
       exit.obj                      84     0         24     
       copy_decompress_lzss.obj      104    0         0      
       boot.obj                      84     0         0      
       cpy_tbl.obj                   76     0         0      
       _lock.obj                     20     0         16     
       args_main.obj                 24     0         0      
       copy_decompress_none.obj      14     0         0      
       copy_zero_init.obj            12     0         0      
       stkdepth_vars.obj             0      0         8      
       pre_init.obj                  4      0         0      
       mpu_init.obj                  2      0         0      
       startup.obj                   2      0         0      
    +--+-----------------------------+------+---------+---------+
       Total:                        816    0         48     
                                                             
       Stack:                        0      0         1024   
       Linker Generated:             0      59        0      
    +--+-----------------------------+------+---------+---------+
       Grand Total:                  5994   319       1174   


LINKER GENERATED COPY TABLES

__TI_cinit_table @ 000018a0 records: 2, size/record: 8, table size: 16
	.data: load addr=00001870, load size=00000017 bytes, run addr=20000000, run size=00000041 bytes, compression=lzss
	.bss: load addr=00001898, load size=00000008 bytes, run addr=20000044, run size=0000000a bytes, compression=zero_init


LINKER GENERATED HANDLER TABLE

__TI_handler_table @ 00001888 records: 3, size/record: 4, table size: 12
	index: 0, handler: __TI_decompress_lzss
	index: 1, handler: __TI_decompress_none
	index: 2, handler: __TI_zero_init


GLOBAL SYMBOLS: SORTED ALPHABETICALLY BY Name 

address   name                           
-------   ----                           
0000183b  ADC14_IRQHandler               
00000475  ADC_Init                       
0000183b  AES256_IRQHandler              
00001451  Bump_Init                      
00001485  Bump_Read                      
0000183b  BusFault_Handler               
00001731  C$$EXIT                        
0000183b  COMP_E0_IRQHandler             
0000183b  COMP_E1_IRQHandler             
20000008  CPMwait                        
0000183b  CS_IRQHandler                  
20000000  ClockFrequency                 
00000dbd  Clock_Delay1ms                 
00000d93  Clock_Delay1us                 
00000d7f  Clock_GetFreq                  
00000c69  Clock_Init48MHz                
20000014  Crystalstable                  
0000183b  DMA_ERR_IRQHandler             
0000183b  DMA_INT0_IRQHandler            
0000183b  DMA_INT1_IRQHandler            
0000183b  DMA_INT2_IRQHandler            
0000183b  DMA_INT3_IRQHandler            
0000183b  DebugMon_Handler               
0000183b  Default_Handler                
000017d1  DisableInterrupts              
0000183b  EUSCIA0_IRQHandler             
0000183b  EUSCIA1_IRQHandler             
0000183b  EUSCIA2_IRQHandler             
0000183b  EUSCIA3_IRQHandler             
0000183b  EUSCIB0_IRQHandler             
0000183b  EUSCIB1_IRQHandler             
0000183b  EUSCIB2_IRQHandler             
0000183b  EUSCIB3_IRQHandler             
000017d7  EnableInterrupts               
000017e7  EndCritical                    
0000183b  FLCTL_IRQHandler               
0000183b  FPU_IRQHandler                 
0000183b  HardFault_Handler              
20000010  IFlags                         
000012b5  LaunchPad_Init                 
00001325  LaunchPad_Input                
0000133f  LaunchPad_LED                  
0000135d  LaunchPad_Output               
000000e5  LogicAnalyzer                  
000000ef  LogicAnalyzer_P1               
000001c5  LogicAnalyzer_P10              
000000fd  LogicAnalyzer_P2               
0000010b  LogicAnalyzer_P2_7654          
0000011b  LogicAnalyzer_P3               
00000129  LogicAnalyzer_P4               
00000147  LogicAnalyzer_P4_765320        
00000137  LogicAnalyzer_P4_765432        
0000017f  LogicAnalyzer_P5               
0000018d  LogicAnalyzer_P6               
0000019b  LogicAnalyzer_P7               
000001a9  LogicAnalyzer_P8               
000001b7  LogicAnalyzer_P9               
2000004c  LogicData                      
0000183b  MemManage_Handler              
00001161  Motor_Backward                 
000010bd  Motor_Forward                  
00001029  Motor_Init                     
00001127  Motor_Left                     
000010ed  Motor_Right                    
00001099  Motor_Stop                     
0000183b  NMI_Handler                    
0000183b  PCM_IRQHandler                 
0000183b  PORT1_IRQHandler               
0000183b  PORT2_IRQHandler               
0000183b  PORT3_IRQHandler               
0000183b  PORT4_IRQHandler               
0000183b  PORT5_IRQHandler               
0000183b  PORT6_IRQHandler               
0000183b  PSS_IRQHandler                 
00000b2b  PWM_Duty1                      
00000b4b  PWM_Duty2                      
00000bef  PWM_Duty3                      
00000c0f  PWM_Duty4                      
00000a41  PWM_Init1                      
00000aa7  PWM_Init12                     
00000b6b  PWM_Init34                     
0000183b  PendSV_Handler                 
20000044  PeriodicTask2                  
00000257  PeriodicTask2_Init             
000002d1  PeriodicTask2_Stop             
00000e55  Port5_Init                     
00000e6f  Port7_Init                     
00000e91  Port7_Input                    
00000e83  Port7_Output                   
2000000c  Postwait                       
20000004  Prewait                        
0000183b  RTC_C_IRQHandler               
00000ecb  Reflectance_Center             
00000fe1  Reflectance_End                
00000e49  Reflectance_Init               
00000f01  Reflectance_Position           
00000e99  Reflectance_Read               
00000fc5  Reflectance_Start              
0000182f  Reset_Handler                  
UNDEFED   SHT$$INIT_ARRAY$$Base          
UNDEFED   SHT$$INIT_ARRAY$$Limit         
0000183b  SVC_Handler                    
000001d3  Scope                          
000017dd  StartCritical                  
0000183b  SysTick_Handler                
2000003c  SystemCoreClock                
00000715  SystemCoreClockUpdate          
00000989  SystemInit                     
000002c1  T32_INT1_IRQHandler            
000002c1  T32_INT1_IRQHandler            
0000183b  T32_INT2_IRQHandler            
0000183b  T32_INTC_IRQHandler            
0000183b  TA0_0_IRQHandler               
0000183b  TA0_N_IRQHandler               
0000141b  TA1_0_IRQHandler               
0000141b  TA1_0_IRQHandler               
0000183b  TA1_N_IRQHandler               
0000183b  TA2_0_IRQHandler               
0000183b  TA2_N_IRQHandler               
0000183b  TA3_0_IRQHandler               
0000183b  TA3_N_IRQHandler               
00000413  TExaS_Clear0                   
0000041f  TExaS_Clear1                   
0000042b  TExaS_Clear2                   
00000437  TExaS_Clear3                   
00000443  TExaS_Clear4                   
00000445  TExaS_Clear5                   
00000451  TExaS_Clear6                   
00000551  TExaS_Init                     
20000028  TExaS_ScopeErrConflict         
20000024  TExaS_ScopeErrLostData         
2000002c  TExaS_ScopeWrnReconfig         
000003b1  TExaS_Set                      
000003c9  TExaS_Set0                     
000003d5  TExaS_Set1                     
000003e1  TExaS_Set2                     
000003ed  TExaS_Set3                     
000003f9  TExaS_Set4                     
000003fb  TExaS_Set5                     
00000407  TExaS_Set6                     
000006b1  TExaS_Stop                     
00000367  TExaS_Task0                    
00000373  TExaS_Task1                    
0000037f  TExaS_Task2                    
0000038b  TExaS_Task3                    
00000397  TExaS_Task4                    
00000399  TExaS_Task5                    
000003a5  TExaS_Task6                    
000011d1  Task                           
000011b1  TimedPause                     
20000048  TimerA1Task                    
000013a9  TimerA1_Init                   
00001407  TimerA1_Stop                   
0000033b  UART_InChar                    
000002e1  UART_Init                      
0000034b  UART_OutChar                   
0000183b  UsageFault_Handler             
4000480c  WDTCTL_SYM                     
0000183b  WDT_A_IRQHandler               
000017ef  WaitForInterrupt               
20010000  __STACK_END                    
00000200  __STACK_SIZE                   
000018a0  __TI_CINIT_Base                
000018b0  __TI_CINIT_Limit               
00001888  __TI_Handler_Table_Base        
00001894  __TI_Handler_Table_Limit       
00001605  __TI_auto_init                 
20000018  __TI_cleanup_ptr               
00001675  __TI_decompress_lzss           
00001821  __TI_decompress_none           
2000001c  __TI_dtors_ptr                 
20000020  __TI_enable_exit_profile_output
ffffffff  __TI_pprof_out_hndl            
ffffffff  __TI_prof_data_size            
ffffffff  __TI_prof_data_start           
00000000  __TI_static_base__             
0000183d  __TI_zero_init                 
00001589  __aeabi_memclr                 
00001589  __aeabi_memclr4                
00001589  __aeabi_memclr8                
000014ed  __aeabi_memcpy                 
000014ed  __aeabi_memcpy4                
000014ed  __aeabi_memcpy8                
0000158b  __aeabi_memset                 
0000158b  __aeabi_memset4                
0000158b  __aeabi_memset8                
ffffffff  __binit__                      
ffffffff  __c_args__                     
00001603  __mpu_init                     
2000fe00  __stack                        
000017f5  _args_main                     
000016dd  _c_int00                       
20000030  _lock                          
0000181b  _nop                           
00001813  _register_lock                 
0000180d  _register_unlock               
0000184d  _system_post_cinit             
00001849  _system_pre_init               
20000034  _unlock                        
00001735  abort                          
ffffffff  binit                          
00001785  copy_in                        
00000d85  delay                          
0000173d  exit                           
00000f95  int_to_int                     
00000000  interruptVectors               
00001225  main                           
20000038  main_func_sp                   
000014ed  memcpy                         
00001591  memset                         
2000004d  reflectance_data               


GLOBAL SYMBOLS: SORTED BY Symbol Address 

address   name                           
-------   ----                           
00000000  __TI_static_base__             
00000000  interruptVectors               
000000e5  LogicAnalyzer                  
000000ef  LogicAnalyzer_P1               
000000fd  LogicAnalyzer_P2               
0000010b  LogicAnalyzer_P2_7654          
0000011b  LogicAnalyzer_P3               
00000129  LogicAnalyzer_P4               
00000137  LogicAnalyzer_P4_765432        
00000147  LogicAnalyzer_P4_765320        
0000017f  LogicAnalyzer_P5               
0000018d  LogicAnalyzer_P6               
0000019b  LogicAnalyzer_P7               
000001a9  LogicAnalyzer_P8               
000001b7  LogicAnalyzer_P9               
000001c5  LogicAnalyzer_P10              
000001d3  Scope                          
00000200  __STACK_SIZE                   
00000257  PeriodicTask2_Init             
000002c1  T32_INT1_IRQHandler            
000002c1  T32_INT1_IRQHandler            
000002d1  PeriodicTask2_Stop             
000002e1  UART_Init                      
0000033b  UART_InChar                    
0000034b  UART_OutChar                   
00000367  TExaS_Task0                    
00000373  TExaS_Task1                    
0000037f  TExaS_Task2                    
0000038b  TExaS_Task3                    
00000397  TExaS_Task4                    
00000399  TExaS_Task5                    
000003a5  TExaS_Task6                    
000003b1  TExaS_Set                      
000003c9  TExaS_Set0                     
000003d5  TExaS_Set1                     
000003e1  TExaS_Set2                     
000003ed  TExaS_Set3                     
000003f9  TExaS_Set4                     
000003fb  TExaS_Set5                     
00000407  TExaS_Set6                     
00000413  TExaS_Clear0                   
0000041f  TExaS_Clear1                   
0000042b  TExaS_Clear2                   
00000437  TExaS_Clear3                   
00000443  TExaS_Clear4                   
00000445  TExaS_Clear5                   
00000451  TExaS_Clear6                   
00000475  ADC_Init                       
00000551  TExaS_Init                     
000006b1  TExaS_Stop                     
00000715  SystemCoreClockUpdate          
00000989  SystemInit                     
00000a41  PWM_Init1                      
00000aa7  PWM_Init12                     
00000b2b  PWM_Duty1                      
00000b4b  PWM_Duty2                      
00000b6b  PWM_Init34                     
00000bef  PWM_Duty3                      
00000c0f  PWM_Duty4                      
00000c69  Clock_Init48MHz                
00000d7f  Clock_GetFreq                  
00000d85  delay                          
00000d93  Clock_Delay1us                 
00000dbd  Clock_Delay1ms                 
00000e49  Reflectance_Init               
00000e55  Port5_Init                     
00000e6f  Port7_Init                     
00000e83  Port7_Output                   
00000e91  Port7_Input                    
00000e99  Reflectance_Read               
00000ecb  Reflectance_Center             
00000f01  Reflectance_Position           
00000f95  int_to_int                     
00000fc5  Reflectance_Start              
00000fe1  Reflectance_End                
00001029  Motor_Init                     
00001099  Motor_Stop                     
000010bd  Motor_Forward                  
000010ed  Motor_Right                    
00001127  Motor_Left                     
00001161  Motor_Backward                 
000011b1  TimedPause                     
000011d1  Task                           
00001225  main                           
000012b5  LaunchPad_Init                 
00001325  LaunchPad_Input                
0000133f  LaunchPad_LED                  
0000135d  LaunchPad_Output               
000013a9  TimerA1_Init                   
00001407  TimerA1_Stop                   
0000141b  TA1_0_IRQHandler               
0000141b  TA1_0_IRQHandler               
00001451  Bump_Init                      
00001485  Bump_Read                      
000014ed  __aeabi_memcpy                 
000014ed  __aeabi_memcpy4                
000014ed  __aeabi_memcpy8                
000014ed  memcpy                         
00001589  __aeabi_memclr                 
00001589  __aeabi_memclr4                
00001589  __aeabi_memclr8                
0000158b  __aeabi_memset                 
0000158b  __aeabi_memset4                
0000158b  __aeabi_memset8                
00001591  memset                         
00001603  __mpu_init                     
00001605  __TI_auto_init                 
00001675  __TI_decompress_lzss           
000016dd  _c_int00                       
00001731  C$$EXIT                        
00001735  abort                          
0000173d  exit                           
00001785  copy_in                        
000017d1  DisableInterrupts              
000017d7  EnableInterrupts               
000017dd  StartCritical                  
000017e7  EndCritical                    
000017ef  WaitForInterrupt               
000017f5  _args_main                     
0000180d  _register_unlock               
00001813  _register_lock                 
0000181b  _nop                           
00001821  __TI_decompress_none           
0000182f  Reset_Handler                  
0000183b  ADC14_IRQHandler               
0000183b  AES256_IRQHandler              
0000183b  BusFault_Handler               
0000183b  COMP_E0_IRQHandler             
0000183b  COMP_E1_IRQHandler             
0000183b  CS_IRQHandler                  
0000183b  DMA_ERR_IRQHandler             
0000183b  DMA_INT0_IRQHandler            
0000183b  DMA_INT1_IRQHandler            
0000183b  DMA_INT2_IRQHandler            
0000183b  DMA_INT3_IRQHandler            
0000183b  DebugMon_Handler               
0000183b  Default_Handler                
0000183b  EUSCIA0_IRQHandler             
0000183b  EUSCIA1_IRQHandler             
0000183b  EUSCIA2_IRQHandler             
0000183b  EUSCIA3_IRQHandler             
0000183b  EUSCIB0_IRQHandler             
0000183b  EUSCIB1_IRQHandler             
0000183b  EUSCIB2_IRQHandler             
0000183b  EUSCIB3_IRQHandler             
0000183b  FLCTL_IRQHandler               
0000183b  FPU_IRQHandler                 
0000183b  HardFault_Handler              
0000183b  MemManage_Handler              
0000183b  NMI_Handler                    
0000183b  PCM_IRQHandler                 
0000183b  PORT1_IRQHandler               
0000183b  PORT2_IRQHandler               
0000183b  PORT3_IRQHandler               
0000183b  PORT4_IRQHandler               
0000183b  PORT5_IRQHandler               
0000183b  PORT6_IRQHandler               
0000183b  PSS_IRQHandler                 
0000183b  PendSV_Handler                 
0000183b  RTC_C_IRQHandler               
0000183b  SVC_Handler                    
0000183b  SysTick_Handler                
0000183b  T32_INT2_IRQHandler            
0000183b  T32_INTC_IRQHandler            
0000183b  TA0_0_IRQHandler               
0000183b  TA0_N_IRQHandler               
0000183b  TA1_N_IRQHandler               
0000183b  TA2_0_IRQHandler               
0000183b  TA2_N_IRQHandler               
0000183b  TA3_0_IRQHandler               
0000183b  TA3_N_IRQHandler               
0000183b  UsageFault_Handler             
0000183b  WDT_A_IRQHandler               
0000183d  __TI_zero_init                 
00001849  _system_pre_init               
0000184d  _system_post_cinit             
00001888  __TI_Handler_Table_Base        
00001894  __TI_Handler_Table_Limit       
000018a0  __TI_CINIT_Base                
000018b0  __TI_CINIT_Limit               
20000000  ClockFrequency                 
20000004  Prewait                        
20000008  CPMwait                        
2000000c  Postwait                       
20000010  IFlags                         
20000014  Crystalstable                  
20000018  __TI_cleanup_ptr               
2000001c  __TI_dtors_ptr                 
20000020  __TI_enable_exit_profile_output
20000024  TExaS_ScopeErrLostData         
20000028  TExaS_ScopeErrConflict         
2000002c  TExaS_ScopeWrnReconfig         
20000030  _lock                          
20000034  _unlock                        
20000038  main_func_sp                   
2000003c  SystemCoreClock                
20000044  PeriodicTask2                  
20000048  TimerA1Task                    
2000004c  LogicData                      
2000004d  reflectance_data               
2000fe00  __stack                        
20010000  __STACK_END                    
4000480c  WDTCTL_SYM                     
ffffffff  __TI_pprof_out_hndl            
ffffffff  __TI_prof_data_size            
ffffffff  __TI_prof_data_start           
ffffffff  __binit__                      
ffffffff  __c_args__                     
ffffffff  binit                          
UNDEFED   SHT$$INIT_ARRAY$$Base          
UNDEFED   SHT$$INIT_ARRAY$$Limit         

[211 symbols]
